<html>
<body>
<pre>
<h1>µVision Build Log</h1>
<h2>Tool Versions:</h2>
IDE-Version: µVision V5.25.2.0
Copyright (C) 2018 ARM Ltd and ARM Germany GmbH. All rights reserved.
License Information: mohamadreza sabeghi, mo.sa, LIC=ATTRA-1EIXT-KP3ZY-IKEUJ-L92MK-Y1GBW
 
Tool Versions:
Toolchain:       MDK-ARM Plus  Version: 5.25.2.0
Toolchain Path:  C:\Keil_v5\ARM\ARMCC\Bin
C Compiler:      Armcc.exe V5.06 update 6 (build 750)
Assembler:       Armasm.exe V5.06 update 6 (build 750)
Linker/Locator:  ArmLink.exe V5.06 update 6 (build 750)
Library Manager: ArmAr.exe V5.06 update 6 (build 750)
Hex Converter:   FromElf.exe V5.06 update 6 (build 750)
CPU DLL:         SARMCM3.DLL V5.25.2.0
Dialog DLL:      DCM.DLL V1.17.1.0
Target DLL:      STLink\ST-LINKIII-KEIL_SWO.dll V3.0.1.0
Dialog DLL:      TCM.DLL V1.35.1.0
 
<h2>Project:</h2>
D:\admins\ms\MicroProcessor\Project2\MDK-ARM\Project2.uvprojx
Project File Date:  05/16/2019

<h2>Output:</h2>
*** Using Compiler 'V5.06 update 6 (build 750)', folder: 'C:\Keil_v5\ARM\ARMCC\Bin'
Build target 'Project2'
compiling stm32f3xx_it.c...
../Src/stm32f3xx_it.c(56): warning:  #1295-D: Deprecated declaration increaseTime - give arg types
  	extern void increaseTime();
../Src/stm32f3xx_it.c(59): warning:  #1295-D: Deprecated declaration ClearScreen - give arg types
  	extern int ClearScreen();
../Src/stm32f3xx_it.c(62): warning:  #1295-D: Deprecated declaration showTemp - give arg types
  	extern void showTemp();
../Src/stm32f3xx_it.c(234): warning:  #188-D: enumerated type mixed with another type
  			HAL_GPIO_WritePin(GPIOD,GPIO_PIN_4,1);
../Src/stm32f3xx_it.c(235): warning:  #188-D: enumerated type mixed with another type
  			HAL_GPIO_WritePin(GPIOD,GPIO_PIN_5,0);
../Src/stm32f3xx_it.c(236): warning:  #188-D: enumerated type mixed with another type
  			HAL_GPIO_WritePin(GPIOD,GPIO_PIN_6,0);
../Src/stm32f3xx_it.c(237): warning:  #188-D: enumerated type mixed with another type
  			HAL_GPIO_WritePin(GPIOD,GPIO_PIN_7,0);		
../Src/stm32f3xx_it.c(240): warning:  #188-D: enumerated type mixed with another type
  			HAL_GPIO_WritePin(GPIOD,GPIO_PIN_4,0);
../Src/stm32f3xx_it.c(241): warning:  #188-D: enumerated type mixed with another type
  			HAL_GPIO_WritePin(GPIOD,GPIO_PIN_5,1);
../Src/stm32f3xx_it.c(242): warning:  #188-D: enumerated type mixed with another type
  			HAL_GPIO_WritePin(GPIOD,GPIO_PIN_6,0);
../Src/stm32f3xx_it.c(243): warning:  #188-D: enumerated type mixed with another type
  			HAL_GPIO_WritePin(GPIOD,GPIO_PIN_7,0);
../Src/stm32f3xx_it.c(246): warning:  #188-D: enumerated type mixed with another type
  			HAL_GPIO_WritePin(GPIOD,GPIO_PIN_4,0);
../Src/stm32f3xx_it.c(247): warning:  #188-D: enumerated type mixed with another type
  			HAL_GPIO_WritePin(GPIOD,GPIO_PIN_5,0);
../Src/stm32f3xx_it.c(248): warning:  #188-D: enumerated type mixed with another type
  			HAL_GPIO_WritePin(GPIOD,GPIO_PIN_6,1);
../Src/stm32f3xx_it.c(249): warning:  #188-D: enumerated type mixed with another type
  			HAL_GPIO_WritePin(GPIOD,GPIO_PIN_7,0);	
../Src/stm32f3xx_it.c(252): warning:  #188-D: enumerated type mixed with another type
  			HAL_GPIO_WritePin(GPIOD,GPIO_PIN_4,0);
../Src/stm32f3xx_it.c(253): warning:  #188-D: enumerated type mixed with another type
  			HAL_GPIO_WritePin(GPIOD,GPIO_PIN_5,0);
../Src/stm32f3xx_it.c(254): warning:  #188-D: enumerated type mixed with another type
  			HAL_GPIO_WritePin(GPIOD,GPIO_PIN_6,0);
../Src/stm32f3xx_it.c(255): warning:  #188-D: enumerated type mixed with another type
  			HAL_GPIO_WritePin(GPIOD,GPIO_PIN_7,1);
../Src/stm32f3xx_it.c(289): warning:  #188-D: enumerated type mixed with another type
  		HAL_GPIO_WritePin(GPIOD,GPIO_PIN_4,1);
../Src/stm32f3xx_it.c(290): warning:  #188-D: enumerated type mixed with another type
  		HAL_GPIO_WritePin(GPIOD,GPIO_PIN_5,1);
../Src/stm32f3xx_it.c(291): warning:  #188-D: enumerated type mixed with another type
  		HAL_GPIO_WritePin(GPIOD,GPIO_PIN_6,1);
../Src/stm32f3xx_it.c(292): warning:  #188-D: enumerated type mixed with another type
  		HAL_GPIO_WritePin(GPIOD,GPIO_PIN_7,1);
../Src/stm32f3xx_it.c(440): warning:  #167-D: argument of type "char *" is incompatible with parameter of type "uint8_t *"
  	HAL_UART_Transmit(&huart2,a,sizeof(char) * 100 , 1000);
../Src/stm32f3xx_it.c: 24 warnings, 0 errors
compiling main.c...
../Src/main.c(85): warning:  #1295-D: Deprecated declaration specialChar - give arg types
  	void specialChar();
../Src/main.c(111): warning:  #223-D: function "strcat" declared implicitly
  	strcat(hi,low);
../Src/main.c(167): warning:  #223-D: function "strcpy" declared implicitly
  		strcpy(indicator,"PM");
../Src/main.c(170): warning:  #223-D: function "strcpy" declared implicitly
  		strcpy(indicator,"AM");
../Src/main.c(172): warning:  #223-D: function "strcpy" declared implicitly
  	strcpy(time," ");
../Src/main.c(173): warning:  #223-D: function "strcat" declared implicitly
  	strcat(time,zeropadd(t.Hours));
../Src/main.c(179): warning:  #223-D: function "abs" declared implicitly
  	if(counter < 9 && abs(t.Seconds - b) > 0.25){
../Src/main.c(202): warning:  #223-D: function "abs" declared implicitly
  	if(counter > 8 && abs(t.Seconds - b) > 0.25){
../Src/main.c(439): warning:  #188-D: enumerated type mixed with another type
  	HAL_GPIO_WritePin(GPIOD,GPIO_PIN_4,1);
../Src/main.c(440): warning:  #188-D: enumerated type mixed with another type
  	HAL_GPIO_WritePin(GPIOD,GPIO_PIN_5,1);
../Src/main.c(441): warning:  #188-D: enumerated type mixed with another type
  	HAL_GPIO_WritePin(GPIOD,GPIO_PIN_6,1);
../Src/main.c(442): warning:  #188-D: enumerated type mixed with another type
  	HAL_GPIO_WritePin(GPIOD,GPIO_PIN_7,1);
../Src/main.c: 12 warnings, 0 errors
linking...
Program Size: Code=17272 RO-data=580 RW-data=72 ZI-data=2648  
FromELF: creating hex file...
"Project2\Project2.axf" - 0 Error(s), 36 Warning(s).

<h2>Software Packages used:</h2>

Package Vendor: ARM
                http://www.keil.com/pack/ARM.CMSIS.5.3.0.pack
                ARM.CMSIS.5.3.0
                CMSIS (Cortex Microcontroller Software Interface Standard)
   * Component: CORE Version: 5.1.1

Package Vendor: Keil
                http://www.keil.com/pack/Keil.STM32F3xx_DFP.2.1.0.pack
                Keil.STM32F3xx_DFP.2.1.0
                STMicroelectronics STM32F3 Series Device Support and Examples

<h2>Collection of Component include folders:</h2>
  .\RTE\_Project2
  C:\Keil_v5\ARM\PACK\ARM\CMSIS\5.3.0\CMSIS\Include
  C:\Keil_v5\ARM\PACK\Keil\STM32F3xx_DFP\2.1.0\Drivers\CMSIS\Device\ST\STM32F3xx\Include

<h2>Collection of Component Files used:</h2>

   * Component: ARM::CMSIS:CORE:5.1.1
Build Time Elapsed:  00:00:11
</pre>
</body>
</html>
