Component: ARM Compiler 5.06 update 6 (build 750) Tool: armlink [4d35ed]

==============================================================================

Section Cross References

    startup_stm32f303xc.o(RESET) refers to startup_stm32f303xc.o(STACK) for __initial_sp
    startup_stm32f303xc.o(RESET) refers to startup_stm32f303xc.o(.text) for Reset_Handler
    startup_stm32f303xc.o(RESET) refers to stm32f3xx_it.o(i.NMI_Handler) for NMI_Handler
    startup_stm32f303xc.o(RESET) refers to stm32f3xx_it.o(i.HardFault_Handler) for HardFault_Handler
    startup_stm32f303xc.o(RESET) refers to stm32f3xx_it.o(i.MemManage_Handler) for MemManage_Handler
    startup_stm32f303xc.o(RESET) refers to stm32f3xx_it.o(i.BusFault_Handler) for BusFault_Handler
    startup_stm32f303xc.o(RESET) refers to stm32f3xx_it.o(i.UsageFault_Handler) for UsageFault_Handler
    startup_stm32f303xc.o(RESET) refers to stm32f3xx_it.o(i.SVC_Handler) for SVC_Handler
    startup_stm32f303xc.o(RESET) refers to stm32f3xx_it.o(i.DebugMon_Handler) for DebugMon_Handler
    startup_stm32f303xc.o(RESET) refers to stm32f3xx_it.o(i.PendSV_Handler) for PendSV_Handler
    startup_stm32f303xc.o(RESET) refers to stm32f3xx_it.o(i.SysTick_Handler) for SysTick_Handler
    startup_stm32f303xc.o(RESET) refers to stm32f3xx_it.o(i.EXTI0_IRQHandler) for EXTI0_IRQHandler
    startup_stm32f303xc.o(RESET) refers to stm32f3xx_it.o(i.EXTI1_IRQHandler) for EXTI1_IRQHandler
    startup_stm32f303xc.o(RESET) refers to stm32f3xx_it.o(i.EXTI2_TSC_IRQHandler) for EXTI2_TSC_IRQHandler
    startup_stm32f303xc.o(RESET) refers to stm32f3xx_it.o(i.EXTI4_IRQHandler) for EXTI4_IRQHandler
    startup_stm32f303xc.o(RESET) refers to stm32f3xx_it.o(i.ADC1_2_IRQHandler) for ADC1_2_IRQHandler
    startup_stm32f303xc.o(RESET) refers to stm32f3xx_it.o(i.EXTI9_5_IRQHandler) for EXTI9_5_IRQHandler
    startup_stm32f303xc.o(RESET) refers to stm32f3xx_it.o(i.TIM2_IRQHandler) for TIM2_IRQHandler
    startup_stm32f303xc.o(RESET) refers to stm32f3xx_it.o(i.USART2_IRQHandler) for USART2_IRQHandler
    startup_stm32f303xc.o(RESET) refers to stm32f3xx_it.o(i.ADC3_IRQHandler) for ADC3_IRQHandler
    startup_stm32f303xc.o(.text) refers to system_stm32f3xx.o(i.SystemInit) for SystemInit
    startup_stm32f303xc.o(.text) refers to entry.o(.ARM.Collect$$$$00000000) for __main
    liquidcrystal.o(i.LiquidCrystal) refers to liquidcrystal.o(i.init) for init
    liquidcrystal.o(i.LiquidCrystal) refers to liquidcrystal.o(.data) for .data
    liquidcrystal.o(i.autoscroll) refers to liquidcrystal.o(i.command) for command
    liquidcrystal.o(i.autoscroll) refers to liquidcrystal.o(.data) for .data
    liquidcrystal.o(i.begin) refers to liquidcrystal.o(i.setRowOffsets) for setRowOffsets
    liquidcrystal.o(i.begin) refers to liquidcrystal.o(i.enableClock) for enableClock
    liquidcrystal.o(i.begin) refers to stm32f3xx_hal_gpio.o(i.HAL_GPIO_Init) for HAL_GPIO_Init
    liquidcrystal.o(i.begin) refers to stm32f3xx_hal.o(i.HAL_Delay) for HAL_Delay
    liquidcrystal.o(i.begin) refers to stm32f3xx_hal_gpio.o(i.HAL_GPIO_WritePin) for HAL_GPIO_WritePin
    liquidcrystal.o(i.begin) refers to liquidcrystal.o(i.write4bits) for write4bits
    liquidcrystal.o(i.begin) refers to liquidcrystal.o(i.command) for command
    liquidcrystal.o(i.begin) refers to liquidcrystal.o(i.display) for display
    liquidcrystal.o(i.begin) refers to liquidcrystal.o(i.clear) for clear
    liquidcrystal.o(i.begin) refers to liquidcrystal.o(.data) for .data
    liquidcrystal.o(i.begin) refers to liquidcrystal.o(.bss) for .bss
    liquidcrystal.o(i.blink) refers to liquidcrystal.o(i.command) for command
    liquidcrystal.o(i.blink) refers to liquidcrystal.o(.data) for .data
    liquidcrystal.o(i.clear) refers to liquidcrystal.o(i.command) for command
    liquidcrystal.o(i.clear) refers to stm32f3xx_hal.o(i.HAL_Delay) for HAL_Delay
    liquidcrystal.o(i.createChar) refers to liquidcrystal.o(i.command) for command
    liquidcrystal.o(i.createChar) refers to liquidcrystal.o(i.send) for send
    liquidcrystal.o(i.cursor) refers to liquidcrystal.o(i.command) for command
    liquidcrystal.o(i.cursor) refers to liquidcrystal.o(.data) for .data
    liquidcrystal.o(i.display) refers to liquidcrystal.o(i.command) for command
    liquidcrystal.o(i.display) refers to liquidcrystal.o(.data) for .data
    liquidcrystal.o(i.enableClock) refers to liquidcrystal.o(.data) for .data
    liquidcrystal.o(i.home) refers to liquidcrystal.o(i.command) for command
    liquidcrystal.o(i.home) refers to stm32f3xx_hal.o(i.HAL_Delay) for HAL_Delay
    liquidcrystal.o(i.init) refers to liquidcrystal.o(i.begin) for begin
    liquidcrystal.o(i.init) refers to liquidcrystal.o(.data) for .data
    liquidcrystal.o(i.init) refers to liquidcrystal.o(.bss) for .bss
    liquidcrystal.o(i.leftToRight) refers to liquidcrystal.o(i.command) for command
    liquidcrystal.o(i.leftToRight) refers to liquidcrystal.o(.data) for .data
[...]
    ..\Drivers\STM32F3xx_HAL_Driver\Src\stm32f3xx_hal_rcc_ex.c 0x00000000   Number         0  stm32f3xx_hal_rcc_ex.o ABSOLUTE
    ..\Drivers\STM32F3xx_HAL_Driver\Src\stm32f3xx_hal_rtc.c 0x00000000   Number         0  stm32f3xx_hal_rtc.o ABSOLUTE
    ..\Drivers\STM32F3xx_HAL_Driver\Src\stm32f3xx_hal_rtc_ex.c 0x00000000   Number         0  stm32f3xx_hal_rtc_ex.o ABSOLUTE
    ..\Drivers\STM32F3xx_HAL_Driver\Src\stm32f3xx_hal_spi.c 0x00000000   Number         0  stm32f3xx_hal_spi.o ABSOLUTE
    ..\Drivers\STM32F3xx_HAL_Driver\Src\stm32f3xx_hal_spi_ex.c 0x00000000   Number         0  stm32f3xx_hal_spi_ex.o ABSOLUTE
    ..\Drivers\STM32F3xx_HAL_Driver\Src\stm32f3xx_hal_tim.c 0x00000000   Number         0  stm32f3xx_hal_tim.o ABSOLUTE
    ..\Drivers\STM32F3xx_HAL_Driver\Src\stm32f3xx_hal_tim_ex.c 0x00000000   Number         0  stm32f3xx_hal_tim_ex.o ABSOLUTE
    ..\Drivers\STM32F3xx_HAL_Driver\Src\stm32f3xx_hal_uart.c 0x00000000   Number         0  stm32f3xx_hal_uart.o ABSOLUTE
    ..\Drivers\STM32F3xx_HAL_Driver\Src\stm32f3xx_hal_uart_ex.c 0x00000000   Number         0  stm32f3xx_hal_uart_ex.o ABSOLUTE
    ..\Src\LiquidCrystal.c                   0x00000000   Number         0  liquidcrystal.o ABSOLUTE
    ..\Src\main.c                            0x00000000   Number         0  main.o ABSOLUTE
    ..\Src\stm32f3xx_hal_msp.c               0x00000000   Number         0  stm32f3xx_hal_msp.o ABSOLUTE
    ..\Src\stm32f3xx_it.c                    0x00000000   Number         0  stm32f3xx_it.o ABSOLUTE
    ..\\Src\\LiquidCrystal.c                 0x00000000   Number         0  liquidcrystal.o ABSOLUTE
    ..\\Src\system_stm32f3xx.c               0x00000000   Number         0  system_stm32f3xx.o ABSOLUTE
    cdrcmple.s                               0x00000000   Number         0  cdrcmple.o ABSOLUTE
    dc.s                                     0x00000000   Number         0  dc.o ABSOLUTE
    handlers.s                               0x00000000   Number         0  handlers.o ABSOLUTE
    init.s                                   0x00000000   Number         0  init.o ABSOLUTE
    startup_stm32f303xc.s                    0x00000000   Number         0  startup_stm32f303xc.o ABSOLUTE
    RESET                                    0x08000000   Section      392  startup_stm32f303xc.o(RESET)
    .ARM.Collect$$$$00000000                 0x08000188   Section        0  entry.o(.ARM.Collect$$$$00000000)
    .ARM.Collect$$$$00000001                 0x08000188   Section        4  entry2.o(.ARM.Collect$$$$00000001)
    .ARM.Collect$$$$00000004                 0x0800018c   Section        4  entry5.o(.ARM.Collect$$$$00000004)
    .ARM.Collect$$$$00000008                 0x08000190   Section        0  entry7b.o(.ARM.Collect$$$$00000008)
    .ARM.Collect$$$$0000000A                 0x08000190   Section        0  entry8b.o(.ARM.Collect$$$$0000000A)
    .ARM.Collect$$$$0000000B                 0x08000190   Section        8  entry9a.o(.ARM.Collect$$$$0000000B)
    .ARM.Collect$$$$0000000D                 0x08000198   Section        0  entry10a.o(.ARM.Collect$$$$0000000D)
    .ARM.Collect$$$$0000000F                 0x08000198   Section        0  entry11a.o(.ARM.Collect$$$$0000000F)
    .ARM.Collect$$$$00002712                 0x08000198   Section        4  entry2.o(.ARM.Collect$$$$00002712)
    __lit__00000000                          0x08000198   Data           4  entry2.o(.ARM.Collect$$$$00002712)
    .text                                    0x0800019c   Section       36  startup_stm32f303xc.o(.text)
    $v0                                      0x0800019c   Number         0  startup_stm32f303xc.o(.text)
    .text                                    0x080001c0   Section        0  llushr.o(.text)
    .text                                    0x080001e0   Section        0  strcat.o(.text)
    .text                                    0x080001f8   Section        0  strlen.o(.text)
    .text                                    0x08000206   Section        0  strcpy.o(.text)
    .text                                    0x08000218   Section        0  dflti.o(.text)
    .text                                    0x0800023c   Section       48  cdrcmple.o(.text)
    .text                                    0x0800026c   Section        0  uidiv.o(.text)
    .text                                    0x08000298   Section        0  iusefp.o(.text)
    .text                                    0x08000298   Section        0  depilogue.o(.text)
    .text                                    0x08000354   Section       36  init.o(.text)
    .text                                    0x08000378   Section        0  llshl.o(.text)
    i.ADC1_2_IRQHandler                      0x08000398   Section        0  stm32f3xx_it.o(i.ADC1_2_IRQHandler)
    i.ADC3_IRQHandler                        0x080003fc   Section        0  stm32f3xx_it.o(i.ADC3_IRQHandler)
    i.ADC_Disable                            0x08000684   Section        0  stm32f3xx_hal_adc_ex.o(i.ADC_Disable)
    ADC_Disable                              0x08000685   Thumb Code    98  stm32f3xx_hal_adc_ex.o(i.ADC_Disable)
    i.ADC_Enable                             0x080006e8   Section        0  stm32f3xx_hal_adc_ex.o(i.ADC_Enable)
    ADC_Enable                               0x080006e9   Thumb Code    92  stm32f3xx_hal_adc_ex.o(i.ADC_Enable)
    i.BusFault_Handler                       0x08000748   Section        0  stm32f3xx_it.o(i.BusFault_Handler)
    i.ClearScreen                            0x0800074a   Section        0  main.o(i.ClearScreen)
    i.DebugMon_Handler                       0x08000754   Section        0  stm32f3xx_it.o(i.DebugMon_Handler)
    i.EXTI0_IRQHandler                       0x08000758   Section        0  stm32f3xx_it.o(i.EXTI0_IRQHandler)
    i.EXTI1_IRQHandler                       0x08000900   Section        0  stm32f3xx_it.o(i.EXTI1_IRQHandler)
    i.EXTI2_TSC_IRQHandler                   0x08000a30   Section        0  stm32f3xx_it.o(i.EXTI2_TSC_IRQHandler)
    i.EXTI4_IRQHandler                       0x08000a36   Section        0  stm32f3xx_it.o(i.EXTI4_IRQHandler)
    i.EXTI9_5_IRQHandler                     0x08000a3c   Section        0  stm32f3xx_it.o(i.EXTI9_5_IRQHandler)
    i.HAL_ADCEx_InjectedConvCpltCallback     0x08000a68   Section        0  stm32f3xx_hal_adc_ex.o(i.HAL_ADCEx_InjectedConvCpltCallback)
    i.HAL_ADCEx_InjectedQueueOverflowCallback 0x08000a6a   Section        0  stm32f3xx_hal_adc_ex.o(i.HAL_ADCEx_InjectedQueueOverflowCallback)
    i.HAL_ADCEx_LevelOutOfWindow2Callback    0x08000a6c   Section        0  stm32f3xx_hal_adc_ex.o(i.HAL_ADCEx_LevelOutOfWindow2Callback)
    i.HAL_ADCEx_LevelOutOfWindow3Callback    0x08000a6e   Section        0  stm32f3xx_hal_adc_ex.o(i.HAL_ADCEx_LevelOutOfWindow3Callback)
    i.HAL_ADCEx_MultiModeConfigChannel       0x08000a70   Section        0  stm32f3xx_hal_adc_ex.o(i.HAL_ADCEx_MultiModeConfigChannel)
    i.HAL_ADC_ConfigChannel                  0x08000b84   Section        0  stm32f3xx_hal_adc_ex.o(i.HAL_ADC_ConfigChannel)
    i.HAL_ADC_ConvCpltCallback               0x08000f18   Section        0  stm32f3xx_hal_adc.o(i.HAL_ADC_ConvCpltCallback)
    i.HAL_ADC_ErrorCallback                  0x08000f1a   Section        0  stm32f3xx_hal_adc.o(i.HAL_ADC_ErrorCallback)
    i.HAL_ADC_GetValue                       0x08000f1c   Section        0  stm32f3xx_hal_adc_ex.o(i.HAL_ADC_GetValue)
    i.HAL_ADC_IRQHandler                     0x08000f24   Section        0  stm32f3xx_hal_adc_ex.o(i.HAL_ADC_IRQHandler)
    i.HAL_ADC_Init                           0x0800124c   Section        0  stm32f3xx_hal_adc_ex.o(i.HAL_ADC_Init)
    i.HAL_ADC_LevelOutOfWindowCallback       0x08001494   Section        0  stm32f3xx_hal_adc.o(i.HAL_ADC_LevelOutOfWindowCallback)
    i.HAL_ADC_MspInit                        0x08001498   Section        0  stm32f3xx_hal_msp.o(i.HAL_ADC_MspInit)
    i.HAL_ADC_Start_IT                       0x08001568   Section        0  stm32f3xx_hal_adc_ex.o(i.HAL_ADC_Start_IT)
    i.HAL_DMA_Abort_IT                       0x080016e8   Section        0  stm32f3xx_hal_dma.o(i.HAL_DMA_Abort_IT)
    i.HAL_Delay                              0x08001734   Section        0  stm32f3xx_hal.o(i.HAL_Delay)
    i.HAL_GPIO_EXTI_Callback                 0x08001758   Section        0  stm32f3xx_hal_gpio.o(i.HAL_GPIO_EXTI_Callback)
    i.HAL_GPIO_EXTI_IRQHandler               0x0800175c   Section        0  stm32f3xx_hal_gpio.o(i.HAL_GPIO_EXTI_IRQHandler)
    i.HAL_GPIO_Init                          0x08001774   Section        0  stm32f3xx_hal_gpio.o(i.HAL_GPIO_Init)
    i.HAL_GPIO_ReadPin                       0x080018fc   Section        0  stm32f3xx_hal_gpio.o(i.HAL_GPIO_ReadPin)
    i.HAL_GPIO_WritePin                      0x08001906   Section        0  stm32f3xx_hal_gpio.o(i.HAL_GPIO_WritePin)
    i.HAL_GetTick                            0x08001910   Section        0  stm32f3xx_hal.o(i.HAL_GetTick)
    i.HAL_I2CEx_ConfigAnalogFilter           0x0800191c   Section        0  stm32f3xx_hal_i2c_ex.o(i.HAL_I2CEx_ConfigAnalogFilter)
    i.HAL_I2CEx_ConfigDigitalFilter          0x08001972   Section        0  stm32f3xx_hal_i2c_ex.o(i.HAL_I2CEx_ConfigDigitalFilter)
    i.HAL_I2C_Init                           0x080019c4   Section        0  stm32f3xx_hal_i2c.o(i.HAL_I2C_Init)
    i.HAL_I2C_MspInit                        0x08001a7c   Section        0  stm32f3xx_hal_msp.o(i.HAL_I2C_MspInit)
    i.HAL_IncTick                            0x08001ac8   Section        0  stm32f3xx_hal.o(i.HAL_IncTick)
    i.HAL_Init                               0x08001ad8   Section        0  stm32f3xx_hal.o(i.HAL_Init)
    i.HAL_InitTick                           0x08001afc   Section        0  stm32f3xx_hal.o(i.HAL_InitTick)
    i.HAL_MspInit                            0x08001b3c   Section        0  stm32f3xx_hal_msp.o(i.HAL_MspInit)
    i.HAL_NVIC_EnableIRQ                     0x08001bbc   Section        0  stm32f3xx_hal_cortex.o(i.HAL_NVIC_EnableIRQ)
    i.HAL_NVIC_SetPriority                   0x08001bd4   Section        0  stm32f3xx_hal_cortex.o(i.HAL_NVIC_SetPriority)
    i.HAL_NVIC_SetPriorityGrouping           0x08001c14   Section        0  stm32f3xx_hal_cortex.o(i.HAL_NVIC_SetPriorityGrouping)
    i.HAL_PCD_Init                           0x08001c38   Section        0  stm32f3xx_hal_pcd.o(i.HAL_PCD_Init)
    i.HAL_PCD_MspInit                        0x08001ce0   Section        0  stm32f3xx_hal_msp.o(i.HAL_PCD_MspInit)
    i.HAL_RCCEx_PeriphCLKConfig              0x08001d2c   Section        0  stm32f3xx_hal_rcc_ex.o(i.HAL_RCCEx_PeriphCLKConfig)
    i.HAL_RCC_ClockConfig                    0x08001f44   Section        0  stm32f3xx_hal_rcc.o(i.HAL_RCC_ClockConfig)
    i.HAL_RCC_GetHCLKFreq                    0x08002088   Section        0  stm32f3xx_hal_rcc.o(i.HAL_RCC_GetHCLKFreq)
    i.HAL_RCC_GetPCLK1Freq                   0x08002094   Section        0  stm32f3xx_hal_rcc.o(i.HAL_RCC_GetPCLK1Freq)
    i.HAL_RCC_GetPCLK2Freq                   0x080020c4   Section        0  stm32f3xx_hal_rcc.o(i.HAL_RCC_GetPCLK2Freq)
    i.HAL_RCC_GetSysClockFreq                0x080020f4   Section        0  stm32f3xx_hal_rcc.o(i.HAL_RCC_GetSysClockFreq)
    i.HAL_RCC_OscConfig                      0x08002158   Section        0  stm32f3xx_hal_rcc.o(i.HAL_RCC_OscConfig)
    i.HAL_RTC_GetDate                        0x080026e8   Section        0  stm32f3xx_hal_rtc.o(i.HAL_RTC_GetDate)
    i.HAL_RTC_GetTime                        0x0800272c   Section        0  stm32f3xx_hal_rtc.o(i.HAL_RTC_GetTime)
    i.HAL_RTC_Init                           0x08002784   Section        0  stm32f3xx_hal_rtc.o(i.HAL_RTC_Init)
    i.HAL_RTC_MspInit                        0x08002830   Section        0  stm32f3xx_hal_msp.o(i.HAL_RTC_MspInit)
    i.HAL_RTC_SetDate                        0x08002858   Section        0  stm32f3xx_hal_rtc.o(i.HAL_RTC_SetDate)
    i.HAL_RTC_SetTime                        0x08002920   Section        0  stm32f3xx_hal_rtc.o(i.HAL_RTC_SetTime)
    i.HAL_RTC_WaitForSynchro                 0x08002a10   Section        0  stm32f3xx_hal_rtc.o(i.HAL_RTC_WaitForSynchro)
    i.HAL_SPI_Init                           0x08002a46   Section        0  stm32f3xx_hal_spi.o(i.HAL_SPI_Init)
    i.HAL_SPI_MspInit                        0x08002afc   Section        0  stm32f3xx_hal_msp.o(i.HAL_SPI_MspInit)
    i.HAL_SYSTICK_CLKSourceConfig            0x08002b44   Section        0  stm32f3xx_hal_cortex.o(i.HAL_SYSTICK_CLKSourceConfig)
    i.HAL_SYSTICK_Callback                   0x08002b5c   Section        0  stm32f3xx_hal_cortex.o(i.HAL_SYSTICK_Callback)
    i.HAL_SYSTICK_Config                     0x08002b5e   Section        0  stm32f3xx_hal_cortex.o(i.HAL_SYSTICK_Config)
    i.HAL_SYSTICK_IRQHandler                 0x08002b86   Section        0  stm32f3xx_hal_cortex.o(i.HAL_SYSTICK_IRQHandler)
    i.HAL_TIMEx_Break2Callback               0x08002b8e   Section        0  stm32f3xx_hal_tim_ex.o(i.HAL_TIMEx_Break2Callback)
    i.HAL_TIMEx_BreakCallback                0x08002b90   Section        0  stm32f3xx_hal_tim_ex.o(i.HAL_TIMEx_BreakCallback)
    i.HAL_TIMEx_CommutationCallback          0x08002b92   Section        0  stm32f3xx_hal_tim_ex.o(i.HAL_TIMEx_CommutationCallback)
    i.HAL_TIMEx_MasterConfigSynchronization  0x08002b94   Section        0  stm32f3xx_hal_tim_ex.o(i.HAL_TIMEx_MasterConfigSynchronization)
    i.HAL_TIM_Base_Init                      0x08002bec   Section        0  stm32f3xx_hal_tim.o(i.HAL_TIM_Base_Init)
    i.HAL_TIM_Base_MspInit                   0x08002c24   Section        0  stm32f3xx_hal_msp.o(i.HAL_TIM_Base_MspInit)
    i.HAL_TIM_Base_Start_IT                  0x08002c5c   Section        0  stm32f3xx_hal_tim.o(i.HAL_TIM_Base_Start_IT)
    i.HAL_TIM_ConfigClockSource              0x08002c74   Section        0  stm32f3xx_hal_tim.o(i.HAL_TIM_ConfigClockSource)
    i.HAL_TIM_IC_CaptureCallback             0x08002d70   Section        0  stm32f3xx_hal_tim.o(i.HAL_TIM_IC_CaptureCallback)
    i.HAL_TIM_IRQHandler                     0x08002d72   Section        0  stm32f3xx_hal_tim.o(i.HAL_TIM_IRQHandler)
    i.HAL_TIM_MspPostInit                    0x08002ef8   Section        0  stm32f3xx_hal_msp.o(i.HAL_TIM_MspPostInit)
    i.HAL_TIM_OC_DelayElapsedCallback        0x08002f28   Section        0  stm32f3xx_hal_tim.o(i.HAL_TIM_OC_DelayElapsedCallback)
    i.HAL_TIM_PWM_ConfigChannel              0x08002f2a   Section        0  stm32f3xx_hal_tim_ex.o(i.HAL_TIM_PWM_ConfigChannel)
    i.HAL_TIM_PWM_Init                       0x08003052   Section        0  stm32f3xx_hal_tim.o(i.HAL_TIM_PWM_Init)
    i.HAL_TIM_PWM_MspInit                    0x08003088   Section        0  stm32f3xx_hal_msp.o(i.HAL_TIM_PWM_MspInit)
    i.HAL_TIM_PWM_PulseFinishedCallback      0x080030b0   Section        0  stm32f3xx_hal_tim.o(i.HAL_TIM_PWM_PulseFinishedCallback)
    i.HAL_TIM_PWM_Start                      0x080030b4   Section        0  stm32f3xx_hal_tim.o(i.HAL_TIM_PWM_Start)
    i.HAL_TIM_PeriodElapsedCallback          0x0800310c   Section        0  stm32f3xx_hal_tim.o(i.HAL_TIM_PeriodElapsedCallback)
    i.HAL_TIM_TriggerCallback                0x0800310e   Section        0  stm32f3xx_hal_tim.o(i.HAL_TIM_TriggerCallback)
    i.HAL_UARTEx_WakeupCallback              0x08003110   Section        0  stm32f3xx_hal_uart_ex.o(i.HAL_UARTEx_WakeupCallback)
    i.HAL_UART_ErrorCallback                 0x08003112   Section        0  stm32f3xx_hal_uart.o(i.HAL_UART_ErrorCallback)
    i.HAL_UART_IRQHandler                    0x08003114   Section        0  stm32f3xx_hal_uart.o(i.HAL_UART_IRQHandler)
    i.HAL_UART_Init                          0x08003254   Section        0  stm32f3xx_hal_uart.o(i.HAL_UART_Init)
    i.HAL_UART_MspInit                       0x080032c0   Section        0  stm32f3xx_hal_msp.o(i.HAL_UART_MspInit)
    i.HAL_UART_Receive_IT                    0x08003318   Section        0  stm32f3xx_hal_uart.o(i.HAL_UART_Receive_IT)
    i.HAL_UART_RxCpltCallback                0x08003392   Section        0  stm32f3xx_hal_uart.o(i.HAL_UART_RxCpltCallback)
    i.HAL_UART_Transmit                      0x08003394   Section        0  stm32f3xx_hal_uart.o(i.HAL_UART_Transmit)
    i.HAL_UART_TxCpltCallback                0x08003448   Section        0  stm32f3xx_hal_uart.o(i.HAL_UART_TxCpltCallback)
    i.HardFault_Handler                      0x0800344a   Section        0  stm32f3xx_it.o(i.HardFault_Handler)
    i.LiquidCrystal                          0x0800344c   Section        0  liquidcrystal.o(i.LiquidCrystal)
    i.MX_ADC1_Init                           0x08003494   Section        0  main.o(i.MX_ADC1_Init)
    MX_ADC1_Init                             0x08003495   Thumb Code   102  main.o(i.MX_ADC1_Init)
    i.MX_ADC2_Init                           0x08003500   Section        0  main.o(i.MX_ADC2_Init)
    MX_ADC2_Init                             0x08003501   Thumb Code    86  main.o(i.MX_ADC2_Init)
    i.MX_ADC3_Init                           0x08003560   Section        0  main.o(i.MX_ADC3_Init)
    MX_ADC3_Init                             0x08003561   Thumb Code   100  main.o(i.MX_ADC3_Init)
    i.MX_GPIO_Init                           0x080035cc   Section        0  main.o(i.MX_GPIO_Init)
    MX_GPIO_Init                             0x080035cd   Thumb Code   340  main.o(i.MX_GPIO_Init)
    i.MX_I2C1_Init                           0x08003738   Section        0  main.o(i.MX_I2C1_Init)
    MX_I2C1_Init                             0x08003739   Thumb Code    66  main.o(i.MX_I2C1_Init)
    i.MX_RTC_Init                            0x08003788   Section        0  main.o(i.MX_RTC_Init)
    MX_RTC_Init                              0x08003789   Thumb Code   106  main.o(i.MX_RTC_Init)
    i.MX_SPI1_Init                           0x080037fc   Section        0  main.o(i.MX_SPI1_Init)
    MX_SPI1_Init                             0x080037fd   Thumb Code    64  main.o(i.MX_SPI1_Init)
    i.MX_TIM2_Init                           0x08003844   Section        0  main.o(i.MX_TIM2_Init)
    MX_TIM2_Init                             0x08003845   Thumb Code    80  main.o(i.MX_TIM2_Init)
    i.MX_TIM3_Init                           0x08003898   Section        0  main.o(i.MX_TIM3_Init)
    MX_TIM3_Init                             0x08003899   Thumb Code    84  main.o(i.MX_TIM3_Init)
    i.MX_USART2_UART_Init                    0x080038f4   Section        0  main.o(i.MX_USART2_UART_Init)
    MX_USART2_UART_Init                      0x080038f5   Thumb Code    46  main.o(i.MX_USART2_UART_Init)
    i.MemManage_Handler                      0x0800392c   Section        0  stm32f3xx_it.o(i.MemManage_Handler)
    i.NMI_Handler                            0x0800392e   Section        0  stm32f3xx_it.o(i.NMI_Handler)
    i.NVIC_SetPriority                       0x08003930   Section        0  stm32f3xx_hal_cortex.o(i.NVIC_SetPriority)
    NVIC_SetPriority                         0x08003931   Thumb Code    32  stm32f3xx_hal_cortex.o(i.NVIC_SetPriority)
    i.PendSV_Handler                         0x08003950   Section        0  stm32f3xx_it.o(i.PendSV_Handler)
    i.RTC_Bcd2ToByte                         0x08003952   Section        0  stm32f3xx_hal_rtc.o(i.RTC_Bcd2ToByte)
    i.RTC_ByteToBcd2                         0x08003964   Section        0  stm32f3xx_hal_rtc.o(i.RTC_ByteToBcd2)
    i.RTC_EnterInitMode                      0x0800397c   Section        0  stm32f3xx_hal_rtc.o(i.RTC_EnterInitMode)
    i.SVC_Handler                            0x080039b6   Section        0  stm32f3xx_it.o(i.SVC_Handler)
    i.SysTick_Handler                        0x080039b8   Section        0  stm32f3xx_it.o(i.SysTick_Handler)
    i.SystemClock_Config                     0x080039c8   Section        0  main.o(i.SystemClock_Config)
    i.SystemInit                             0x08003a64   Section        0  system_stm32f3xx.o(i.SystemInit)
    i.TIM2_IRQHandler                        0x08003acc   Section        0  stm32f3xx_it.o(i.TIM2_IRQHandler)
    i.TIM_Base_SetConfig                     0x08003be8   Section        0  stm32f3xx_hal_tim.o(i.TIM_Base_SetConfig)
    i.TIM_CCxChannelCmd                      0x08003c98   Section        0  stm32f3xx_hal_tim.o(i.TIM_CCxChannelCmd)
    i.TIM_ETR_SetConfig                      0x08003cae   Section        0  stm32f3xx_hal_tim.o(i.TIM_ETR_SetConfig)
    i.TIM_ITRx_SetConfig                     0x08003cc2   Section        0  stm32f3xx_hal_tim.o(i.TIM_ITRx_SetConfig)
    TIM_ITRx_SetConfig                       0x08003cc3   Thumb Code    16  stm32f3xx_hal_tim.o(i.TIM_ITRx_SetConfig)
    i.TIM_OC1_SetConfig                      0x08003cd4   Section        0  stm32f3xx_hal_tim.o(i.TIM_OC1_SetConfig)
    i.TIM_OC2_SetConfig                      0x08003d70   Section        0  stm32f3xx_hal_tim.o(i.TIM_OC2_SetConfig)
    i.TIM_OC3_SetConfig                      0x08003e00   Section        0  stm32f3xx_hal_tim.o(i.TIM_OC3_SetConfig)
    i.TIM_OC4_SetConfig                      0x08003e90   Section        0  stm32f3xx_hal_tim.o(i.TIM_OC4_SetConfig)
    i.TIM_OC5_SetConfig                      0x08003f04   Section        0  stm32f3xx_hal_tim_ex.o(i.TIM_OC5_SetConfig)
    TIM_OC5_SetConfig                        0x08003f05   Thumb Code    86  stm32f3xx_hal_tim_ex.o(i.TIM_OC5_SetConfig)
    i.TIM_OC6_SetConfig                      0x08003f74   Section        0  stm32f3xx_hal_tim_ex.o(i.TIM_OC6_SetConfig)
    TIM_OC6_SetConfig                        0x08003f75   Thumb Code    88  stm32f3xx_hal_tim_ex.o(i.TIM_OC6_SetConfig)
    i.TIM_TI1_ConfigInputStage               0x08003fe4   Section        0  stm32f3xx_hal_tim.o(i.TIM_TI1_ConfigInputStage)
    TIM_TI1_ConfigInputStage                 0x08003fe5   Thumb Code    34  stm32f3xx_hal_tim.o(i.TIM_TI1_ConfigInputStage)
    i.TIM_TI2_ConfigInputStage               0x08004006   Section        0  stm32f3xx_hal_tim.o(i.TIM_TI2_ConfigInputStage)
    TIM_TI2_ConfigInputStage                 0x08004007   Thumb Code    36  stm32f3xx_hal_tim.o(i.TIM_TI2_ConfigInputStage)
    i.UART_AdvFeatureConfig                  0x0800402a   Section        0  stm32f3xx_hal_uart.o(i.UART_AdvFeatureConfig)
    i.UART_CheckIdleState                    0x080040f2   Section        0  stm32f3xx_hal_uart.o(i.UART_CheckIdleState)
    i.UART_DMAAbortOnError                   0x0800414e   Section        0  stm32f3xx_hal_uart.o(i.UART_DMAAbortOnError)
    UART_DMAAbortOnError                     0x0800414f   Thumb Code    20  stm32f3xx_hal_uart.o(i.UART_DMAAbortOnError)
    i.UART_EndRxTransfer                     0x08004162   Section        0  stm32f3xx_hal_uart.o(i.UART_EndRxTransfer)
    UART_EndRxTransfer                       0x08004163   Thumb Code    28  stm32f3xx_hal_uart.o(i.UART_EndRxTransfer)
    i.UART_EndTransmit_IT                    0x0800417e   Section        0  stm32f3xx_hal_uart.o(i.UART_EndTransmit_IT)
    i.UART_Receive_IT                        0x08004198   Section        0  stm32f3xx_hal_uart.o(i.UART_Receive_IT)
    i.UART_SetConfig                         0x08004210   Section        0  stm32f3xx_hal_uart.o(i.UART_SetConfig)
    i.UART_Transmit_IT                       0x080043e4   Section        0  stm32f3xx_hal_uart.o(i.UART_Transmit_IT)
    i.UART_WaitOnFlagUntilTimeout            0x08004448   Section        0  stm32f3xx_hal_uart.o(i.UART_WaitOnFlagUntilTimeout)
    i.USART2_IRQHandler                      0x080044ac   Section        0  stm32f3xx_it.o(i.USART2_IRQHandler)
    i.UsageFault_Handler                     0x08004538   Section        0  stm32f3xx_it.o(i.UsageFault_Handler)
    i.__0sprintf$1                           0x0800453c   Section        0  printf1.o(i.__0sprintf$1)
    i.__scatterload_copy                     0x08004564   Section       14  handlers.o(i.__scatterload_copy)
    i.__scatterload_null                     0x08004572   Section        2  handlers.o(i.__scatterload_null)
    i.__scatterload_zeroinit                 0x08004574   Section       14  handlers.o(i.__scatterload_zeroinit)
    i._printf_core                           0x08004584   Section        0  printf1.o(i._printf_core)
    _printf_core                             0x08004585   Thumb Code   336  printf1.o(i._printf_core)
    i._sputc                                 0x080046d8   Section        0  printf1.o(i._sputc)
    _sputc                                   0x080046d9   Thumb Code    10  printf1.o(i._sputc)
    i.begin                                  0x080046e4   Section        0  liquidcrystal.o(i.begin)
    i.clear                                  0x0800481c   Section        0  liquidcrystal.o(i.clear)
    i.command                                0x0800482e   Section        0  liquidcrystal.o(i.command)
    i.createChar                             0x08004834   Section        0  liquidcrystal.o(i.createChar)
    i.decreaseTime                           0x08004858   Section        0  main.o(i.decreaseTime)
    i.display                                0x08004918   Section        0  liquidcrystal.o(i.display)
    i.enableClock                            0x08004930   Section        0  liquidcrystal.o(i.enableClock)
    i.increaseTime                           0x080049dc   Section        0  main.o(i.increaseTime)
    i.init                                   0x08004a9c   Section        0  liquidcrystal.o(i.init)
    i.main                                   0x08004aec   Section        0  main.o(i.main)
    i.print                                  0x08004b7c   Section        0  liquidcrystal.o(i.print)
    i.pulseEnable                            0x08004ba4   Section        0  liquidcrystal.o(i.pulseEnable)
    i.send                                   0x08004be0   Section        0  liquidcrystal.o(i.send)
    i.setCursor                              0x08004c24   Section        0  liquidcrystal.o(i.setCursor)
    i.setRowOffsets                          0x08004c4c   Section        0  liquidcrystal.o(i.setRowOffsets)
    i.showLight                              0x08004c60   Section        0  main.o(i.showLight)
    i.showTemp                               0x08004cb4   Section        0  main.o(i.showTemp)
    i.showTimeCalender                       0x08004d18   Section        0  main.o(i.showTimeCalender)
    i.specialChar                            0x08004f10   Section        0  main.o(i.specialChar)
    i.toMonth                                0x08004fd0   Section        0  main.o(i.toMonth)
    i.toWeekday                              0x08005044   Section        0  main.o(i.toWeekday)
    i.write                                  0x0800508c   Section        0  liquidcrystal.o(i.write)
    i.write4bits                             0x08005098   Section        0  liquidcrystal.o(i.write4bits)
    i.write8bits                             0x080050cc   Section        0  liquidcrystal.o(i.write8bits)
    i.zeropadd                               0x08005100   Section        0  main.o(i.zeropadd)
    .constdata                               0x0800513c   Section       32  stm32f3xx_hal_rcc.o(.constdata)
    .constdata                               0x0800515c   Section       16  system_stm32f3xx.o(.constdata)
    .constdata                               0x0800516c   Section        8  system_stm32f3xx.o(.constdata)
    .data                                    0x20000000   Section       20  liquidcrystal.o(.data)
    .data                                    0x20000014   Section       30  main.o(.data)
    .data                                    0x20000032   Section        1  main.o(.data)
    .data                                    0x20000034   Section        4  main.o(.data)
    .data                                    0x20000038   Section       20  stm32f3xx_it.o(.data)
    .data                                    0x2000004c   Section        4  stm32f3xx_hal_msp.o(.data)
    HAL_RCC_ADC12_CLK_ENABLED                0x2000004c   Data           4  stm32f3xx_hal_msp.o(.data)
    .data                                    0x20000050   Section       12  stm32f3xx_hal.o(.data)
    .data                                    0x2000005c   Section        4  system_stm32f3xx.o(.data)
    .bss                                     0x20000060   Section       16  liquidcrystal.o(.bss)
    .bss                                     0x20000070   Section      100  main.o(.bss)
    .bss                                     0x200000d4   Section     1856  main.o(.bss)
    STACK                                    0x20000818   Section     1024  startup_stm32f303xc.o(STACK)

    Global Symbols

    Symbol Name                              Value     Ov Type        Size  Object(Section)

    BuildAttributes$$THM_ISAv4$E$P$D$K$B$S$7EM$VFPi3$EXTD16$VFPS$VFMA$PE$A:L22UL41UL21$X:L11$S22US41US21$IEEE1$IW$USESV6$~STKCKD$USESV7$~SHL$OSPACE$ROPI$EBA8$MICROLIB$REQ8$PRES8$EABIv2 0x00000000   Number         0  anon$$obj.o ABSOLUTE
    __ARM_use_no_argv                        0x00000000   Number         0  main.o ABSOLUTE
    _printf_a                                0x00000000   Number         0  stubs.o ABSOLUTE
    _printf_c                                0x00000000   Number         0  stubs.o ABSOLUTE
    _printf_charcount                        0x00000000   Number         0  stubs.o ABSOLUTE
    _printf_d                                0x00000000   Number         0  stubs.o ABSOLUTE
    _printf_e                                0x00000000   Number         0  stubs.o ABSOLUTE
    _printf_f                                0x00000000   Number         0  stubs.o ABSOLUTE
    _printf_flags                            0x00000000   Number         0  stubs.o ABSOLUTE
    _printf_fp_dec                           0x00000000   Number         0  stubs.o ABSOLUTE
    _printf_fp_hex                           0x00000000   Number         0  stubs.o ABSOLUTE
    _printf_g                                0x00000000   Number         0  stubs.o ABSOLUTE
    _printf_i                                0x00000000   Number         0  stubs.o ABSOLUTE
    _printf_int_dec                          0x00000000   Number         0  stubs.o ABSOLUTE
    _printf_l                                0x00000000   Number         0  stubs.o ABSOLUTE
    _printf_lc                               0x00000000   Number         0  stubs.o ABSOLUTE
    _printf_ll                               0x00000000   Number         0  stubs.o ABSOLUTE
    _printf_lld                              0x00000000   Number         0  stubs.o ABSOLUTE
    _printf_lli                              0x00000000   Number         0  stubs.o ABSOLUTE
    _printf_llo                              0x00000000   Number         0  stubs.o ABSOLUTE
    _printf_llu                              0x00000000   Number         0  stubs.o ABSOLUTE
    _printf_llx                              0x00000000   Number         0  stubs.o ABSOLUTE
    _printf_longlong_dec                     0x00000000   Number         0  stubs.o ABSOLUTE
    _printf_longlong_hex                     0x00000000   Number         0  stubs.o ABSOLUTE
    _printf_longlong_oct                     0x00000000   Number         0  stubs.o ABSOLUTE
    _printf_ls                               0x00000000   Number         0  stubs.o ABSOLUTE
    _printf_mbtowc                           0x00000000   Number         0  stubs.o ABSOLUTE
    _printf_n                                0x00000000   Number         0  stubs.o ABSOLUTE
    _printf_o                                0x00000000   Number         0  stubs.o ABSOLUTE
    _printf_p                                0x00000000   Number         0  stubs.o ABSOLUTE
    _printf_percent                          0x00000000   Number         0  stubs.o ABSOLUTE
    _printf_pre_padding                      0x00000000   Number         0  stubs.o ABSOLUTE
    _printf_return_value                     0x00000000   Number         0  stubs.o ABSOLUTE
    _printf_s                                0x00000000   Number         0  stubs.o ABSOLUTE
    _printf_sizespec                         0x00000000   Number         0  stubs.o ABSOLUTE
    _printf_str                              0x00000000   Number         0  stubs.o ABSOLUTE
    _printf_truncate_signed                  0x00000000   Number         0  stubs.o ABSOLUTE
    _printf_truncate_unsigned                0x00000000   Number         0  stubs.o ABSOLUTE
    _printf_u                                0x00000000   Number         0  stubs.o ABSOLUTE
    _printf_wc                               0x00000000   Number         0  stubs.o ABSOLUTE
    _printf_wctomb                           0x00000000   Number         0  stubs.o ABSOLUTE
    _printf_widthprec                        0x00000000   Number         0  stubs.o ABSOLUTE
    _printf_x                                0x00000000   Number         0  stubs.o ABSOLUTE
    __cpp_initialize__aeabi_                  - Undefined Weak Reference
    __cxa_finalize                            - Undefined Weak Reference
    __decompress                              - Undefined Weak Reference
    _clock_init                               - Undefined Weak Reference
    _microlib_exit                            - Undefined Weak Reference
    __Vectors_Size                           0x00000188   Number         0  startup_stm32f303xc.o ABSOLUTE
    __Vectors                                0x08000000   Data           4  startup_stm32f303xc.o(RESET)
    __Vectors_End                            0x08000188   Data           0  startup_stm32f303xc.o(RESET)
    __main                                   0x08000189   Thumb Code     0  entry.o(.ARM.Collect$$$$00000000)
    _main_stk                                0x08000189   Thumb Code     0  entry2.o(.ARM.Collect$$$$00000001)
    _main_scatterload                        0x0800018d   Thumb Code     0  entry5.o(.ARM.Collect$$$$00000004)
    __main_after_scatterload                 0x08000191   Thumb Code     0  entry5.o(.ARM.Collect$$$$00000004)
    _main_clock                              0x08000191   Thumb Code     0  entry7b.o(.ARM.Collect$$$$00000008)
    _main_cpp_init                           0x08000191   Thumb Code     0  entry8b.o(.ARM.Collect$$$$0000000A)
    _main_init                               0x08000191   Thumb Code     0  entry9a.o(.ARM.Collect$$$$0000000B)
    __rt_final_cpp                           0x08000199   Thumb Code     0  entry10a.o(.ARM.Collect$$$$0000000D)
    __rt_final_exit                          0x08000199   Thumb Code     0  entry11a.o(.ARM.Collect$$$$0000000F)
    Reset_Handler                            0x0800019d   Thumb Code     8  startup_stm32f303xc.o(.text)
    ADC4_IRQHandler                          0x080001b7   Thumb Code     0  startup_stm32f303xc.o(.text)
    CAN_RX1_IRQHandler                       0x080001b7   Thumb Code     0  startup_stm32f303xc.o(.text)
    CAN_SCE_IRQHandler                       0x080001b7   Thumb Code     0  startup_stm32f303xc.o(.text)
    COMP1_2_3_IRQHandler                     0x080001b7   Thumb Code     0  startup_stm32f303xc.o(.text)
    COMP4_5_6_IRQHandler                     0x080001b7   Thumb Code     0  startup_stm32f303xc.o(.text)
    COMP7_IRQHandler                         0x080001b7   Thumb Code     0  startup_stm32f303xc.o(.text)
    DMA1_Channel1_IRQHandler                 0x080001b7   Thumb Code     0  startup_stm32f303xc.o(.text)
    DMA1_Channel2_IRQHandler                 0x080001b7   Thumb Code     0  startup_stm32f303xc.o(.text)
    DMA1_Channel3_IRQHandler                 0x080001b7   Thumb Code     0  startup_stm32f303xc.o(.text)
    DMA1_Channel4_IRQHandler                 0x080001b7   Thumb Code     0  startup_stm32f303xc.o(.text)
    DMA1_Channel5_IRQHandler                 0x080001b7   Thumb Code     0  startup_stm32f303xc.o(.text)
    DMA1_Channel6_IRQHandler                 0x080001b7   Thumb Code     0  startup_stm32f303xc.o(.text)
    DMA1_Channel7_IRQHandler                 0x080001b7   Thumb Code     0  startup_stm32f303xc.o(.text)
    DMA2_Channel1_IRQHandler                 0x080001b7   Thumb Code     0  startup_stm32f303xc.o(.text)
    DMA2_Channel2_IRQHandler                 0x080001b7   Thumb Code     0  startup_stm32f303xc.o(.text)
    DMA2_Channel3_IRQHandler                 0x080001b7   Thumb Code     0  startup_stm32f303xc.o(.text)
    DMA2_Channel4_IRQHandler                 0x080001b7   Thumb Code     0  startup_stm32f303xc.o(.text)
    DMA2_Channel5_IRQHandler                 0x080001b7   Thumb Code     0  startup_stm32f303xc.o(.text)
    EXTI15_10_IRQHandler                     0x080001b7   Thumb Code     0  startup_stm32f303xc.o(.text)
    EXTI3_IRQHandler                         0x080001b7   Thumb Code     0  startup_stm32f303xc.o(.text)
    FLASH_IRQHandler                         0x080001b7   Thumb Code     0  startup_stm32f303xc.o(.text)
    FPU_IRQHandler                           0x080001b7   Thumb Code     0  startup_stm32f303xc.o(.text)
    I2C1_ER_IRQHandler                       0x080001b7   Thumb Code     0  startup_stm32f303xc.o(.text)
    I2C1_EV_IRQHandler                       0x080001b7   Thumb Code     0  startup_stm32f303xc.o(.text)
    I2C2_ER_IRQHandler                       0x080001b7   Thumb Code     0  startup_stm32f303xc.o(.text)
    I2C2_EV_IRQHandler                       0x080001b7   Thumb Code     0  startup_stm32f303xc.o(.text)
    PVD_IRQHandler                           0x080001b7   Thumb Code     0  startup_stm32f303xc.o(.text)
    RCC_IRQHandler                           0x080001b7   Thumb Code     0  startup_stm32f303xc.o(.text)
    RTC_Alarm_IRQHandler                     0x080001b7   Thumb Code     0  startup_stm32f303xc.o(.text)
    RTC_WKUP_IRQHandler                      0x080001b7   Thumb Code     0  startup_stm32f303xc.o(.text)
    SPI1_IRQHandler                          0x080001b7   Thumb Code     0  startup_stm32f303xc.o(.text)
    SPI2_IRQHandler                          0x080001b7   Thumb Code     0  startup_stm32f303xc.o(.text)
    SPI3_IRQHandler                          0x080001b7   Thumb Code     0  startup_stm32f303xc.o(.text)
    TAMP_STAMP_IRQHandler                    0x080001b7   Thumb Code     0  startup_stm32f303xc.o(.text)
    TIM1_BRK_TIM15_IRQHandler                0x080001b7   Thumb Code     0  startup_stm32f303xc.o(.text)
    TIM1_CC_IRQHandler                       0x080001b7   Thumb Code     0  startup_stm32f303xc.o(.text)
    TIM1_TRG_COM_TIM17_IRQHandler            0x080001b7   Thumb Code     0  startup_stm32f303xc.o(.text)
    TIM1_UP_TIM16_IRQHandler                 0x080001b7   Thumb Code     0  startup_stm32f303xc.o(.text)
    TIM3_IRQHandler                          0x080001b7   Thumb Code     0  startup_stm32f303xc.o(.text)
    TIM4_IRQHandler                          0x080001b7   Thumb Code     0  startup_stm32f303xc.o(.text)
    TIM6_DAC_IRQHandler                      0x080001b7   Thumb Code     0  startup_stm32f303xc.o(.text)
    TIM7_IRQHandler                          0x080001b7   Thumb Code     0  startup_stm32f303xc.o(.text)
    TIM8_BRK_IRQHandler                      0x080001b7   Thumb Code     0  startup_stm32f303xc.o(.text)
    TIM8_CC_IRQHandler                       0x080001b7   Thumb Code     0  startup_stm32f303xc.o(.text)
    TIM8_TRG_COM_IRQHandler                  0x080001b7   Thumb Code     0  startup_stm32f303xc.o(.text)
    TIM8_UP_IRQHandler                       0x080001b7   Thumb Code     0  startup_stm32f303xc.o(.text)
    UART4_IRQHandler                         0x080001b7   Thumb Code     0  startup_stm32f303xc.o(.text)
    UART5_IRQHandler                         0x080001b7   Thumb Code     0  startup_stm32f303xc.o(.text)
    USART1_IRQHandler                        0x080001b7   Thumb Code     0  startup_stm32f303xc.o(.text)
    USART3_IRQHandler                        0x080001b7   Thumb Code     0  startup_stm32f303xc.o(.text)
    USBWakeUp_IRQHandler                     0x080001b7   Thumb Code     0  startup_stm32f303xc.o(.text)
    USBWakeUp_RMP_IRQHandler                 0x080001b7   Thumb Code     0  startup_stm32f303xc.o(.text)
    USB_HP_CAN_TX_IRQHandler                 0x080001b7   Thumb Code     0  startup_stm32f303xc.o(.text)
    USB_HP_IRQHandler                        0x080001b7   Thumb Code     0  startup_stm32f303xc.o(.text)
    USB_LP_CAN_RX0_IRQHandler                0x080001b7   Thumb Code     0  startup_stm32f303xc.o(.text)
    USB_LP_IRQHandler                        0x080001b7   Thumb Code     0  startup_stm32f303xc.o(.text)
    WWDG_IRQHandler                          0x080001b7   Thumb Code     0  startup_stm32f303xc.o(.text)
    __aeabi_llsr                             0x080001c1   Thumb Code    32  llushr.o(.text)
    _ll_ushift_r                             0x080001c1   Thumb Code     0  llushr.o(.text)
    strcat                                   0x080001e1   Thumb Code    24  strcat.o(.text)
    strlen                                   0x080001f9   Thumb Code    14  strlen.o(.text)
    strcpy                                   0x08000207   Thumb Code    18  strcpy.o(.text)
    __aeabi_i2d                              0x08000219   Thumb Code    34  dflti.o(.text)
    __aeabi_cdrcmple                         0x0800023d   Thumb Code    48  cdrcmple.o(.text)
    __aeabi_uidiv                            0x0800026d   Thumb Code     0  uidiv.o(.text)
    __aeabi_uidivmod                         0x0800026d   Thumb Code    44  uidiv.o(.text)
    __I$use$fp                               0x08000299   Thumb Code     0  iusefp.o(.text)
    _double_round                            0x08000299   Thumb Code    30  depilogue.o(.text)
    _double_epilogue                         0x080002b7   Thumb Code   156  depilogue.o(.text)
    __scatterload                            0x08000355   Thumb Code    28  init.o(.text)
    __scatterload_rt2                        0x08000355   Thumb Code     0  init.o(.text)
    __aeabi_llsl                             0x08000379   Thumb Code    30  llshl.o(.text)
    _ll_shift_l                              0x08000379   Thumb Code     0  llshl.o(.text)
    ADC1_2_IRQHandler                        0x08000399   Thumb Code    74  stm32f3xx_it.o(i.ADC1_2_IRQHandler)
    ADC3_IRQHandler                          0x080003fd   Thumb Code   640  stm32f3xx_it.o(i.ADC3_IRQHandler)
    BusFault_Handler                         0x08000749   Thumb Code     2  stm32f3xx_it.o(i.BusFault_Handler)
    ClearScreen                              0x0800074b   Thumb Code    10  main.o(i.ClearScreen)
    DebugMon_Handler                         0x08000755   Thumb Code     2  stm32f3xx_it.o(i.DebugMon_Handler)
    EXTI0_IRQHandler                         0x08000759   Thumb Code   406  stm32f3xx_it.o(i.EXTI0_IRQHandler)
    EXTI1_IRQHandler                         0x08000901   Thumb Code   292  stm32f3xx_it.o(i.EXTI1_IRQHandler)
    EXTI2_TSC_IRQHandler                     0x08000a31   Thumb Code     6  stm32f3xx_it.o(i.EXTI2_TSC_IRQHandler)
    EXTI4_IRQHandler                         0x08000a37   Thumb Code     6  stm32f3xx_it.o(i.EXTI4_IRQHandler)
    EXTI9_5_IRQHandler                       0x08000a3d   Thumb Code    34  stm32f3xx_it.o(i.EXTI9_5_IRQHandler)
    HAL_ADCEx_InjectedConvCpltCallback       0x08000a69   Thumb Code     2  stm32f3xx_hal_adc_ex.o(i.HAL_ADCEx_InjectedConvCpltCallback)
    HAL_ADCEx_InjectedQueueOverflowCallback  0x08000a6b   Thumb Code     2  stm32f3xx_hal_adc_ex.o(i.HAL_ADCEx_InjectedQueueOverflowCallback)
    HAL_ADCEx_LevelOutOfWindow2Callback      0x08000a6d   Thumb Code     2  stm32f3xx_hal_adc_ex.o(i.HAL_ADCEx_LevelOutOfWindow2Callback)
    HAL_ADCEx_LevelOutOfWindow3Callback      0x08000a6f   Thumb Code     2  stm32f3xx_hal_adc_ex.o(i.HAL_ADCEx_LevelOutOfWindow3Callback)
    HAL_ADCEx_MultiModeConfigChannel         0x08000a71   Thumb Code   256  stm32f3xx_hal_adc_ex.o(i.HAL_ADCEx_MultiModeConfigChannel)
    HAL_ADC_ConfigChannel                    0x08000b85   Thumb Code   884  stm32f3xx_hal_adc_ex.o(i.HAL_ADC_ConfigChannel)
    HAL_ADC_ConvCpltCallback                 0x08000f19   Thumb Code     2  stm32f3xx_hal_adc.o(i.HAL_ADC_ConvCpltCallback)
    HAL_ADC_ErrorCallback                    0x08000f1b   Thumb Code     2  stm32f3xx_hal_adc.o(i.HAL_ADC_ErrorCallback)
    HAL_ADC_GetValue                         0x08000f1d   Thumb Code     6  stm32f3xx_hal_adc_ex.o(i.HAL_ADC_GetValue)
    HAL_ADC_IRQHandler                       0x08000f25   Thumb Code   790  stm32f3xx_hal_adc_ex.o(i.HAL_ADC_IRQHandler)
    HAL_ADC_Init                             0x0800124d   Thumb Code   546  stm32f3xx_hal_adc_ex.o(i.HAL_ADC_Init)
    HAL_ADC_LevelOutOfWindowCallback         0x08001495   Thumb Code     2  stm32f3xx_hal_adc.o(i.HAL_ADC_LevelOutOfWindowCallback)
    HAL_ADC_MspInit                          0x08001499   Thumb Code   182  stm32f3xx_hal_msp.o(i.HAL_ADC_MspInit)
    HAL_ADC_Start_IT                         0x08001569   Thumb Code   370  stm32f3xx_hal_adc_ex.o(i.HAL_ADC_Start_IT)
    HAL_DMA_Abort_IT                         0x080016e9   Thumb Code    74  stm32f3xx_hal_dma.o(i.HAL_DMA_Abort_IT)
    HAL_Delay                                0x08001735   Thumb Code    32  stm32f3xx_hal.o(i.HAL_Delay)
    HAL_GPIO_EXTI_Callback                   0x08001759   Thumb Code     2  stm32f3xx_hal_gpio.o(i.HAL_GPIO_EXTI_Callback)
    HAL_GPIO_EXTI_IRQHandler                 0x0800175d   Thumb Code    18  stm32f3xx_hal_gpio.o(i.HAL_GPIO_EXTI_IRQHandler)
    HAL_GPIO_Init                            0x08001775   Thumb Code   364  stm32f3xx_hal_gpio.o(i.HAL_GPIO_Init)
    HAL_GPIO_ReadPin                         0x080018fd   Thumb Code    10  stm32f3xx_hal_gpio.o(i.HAL_GPIO_ReadPin)
    HAL_GPIO_WritePin                        0x08001907   Thumb Code    10  stm32f3xx_hal_gpio.o(i.HAL_GPIO_WritePin)
    HAL_GetTick                              0x08001911   Thumb Code     6  stm32f3xx_hal.o(i.HAL_GetTick)
    HAL_I2CEx_ConfigAnalogFilter             0x0800191d   Thumb Code    86  stm32f3xx_hal_i2c_ex.o(i.HAL_I2CEx_ConfigAnalogFilter)
    HAL_I2CEx_ConfigDigitalFilter            0x08001973   Thumb Code    82  stm32f3xx_hal_i2c_ex.o(i.HAL_I2CEx_ConfigDigitalFilter)
    HAL_I2C_Init                             0x080019c5   Thumb Code   178  stm32f3xx_hal_i2c.o(i.HAL_I2C_Init)
    HAL_I2C_MspInit                          0x08001a7d   Thumb Code    62  stm32f3xx_hal_msp.o(i.HAL_I2C_MspInit)
    HAL_IncTick                              0x08001ac9   Thumb Code    12  stm32f3xx_hal.o(i.HAL_IncTick)
    HAL_Init                                 0x08001ad9   Thumb Code    32  stm32f3xx_hal.o(i.HAL_Init)
    HAL_InitTick                             0x08001afd   Thumb Code    54  stm32f3xx_hal.o(i.HAL_InitTick)
    HAL_MspInit                              0x08001b3d   Thumb Code   122  stm32f3xx_hal_msp.o(i.HAL_MspInit)
    HAL_NVIC_EnableIRQ                       0x08001bbd   Thumb Code    22  stm32f3xx_hal_cortex.o(i.HAL_NVIC_EnableIRQ)
    HAL_NVIC_SetPriority                     0x08001bd5   Thumb Code    60  stm32f3xx_hal_cortex.o(i.HAL_NVIC_SetPriority)
    HAL_NVIC_SetPriorityGrouping             0x08001c15   Thumb Code    26  stm32f3xx_hal_cortex.o(i.HAL_NVIC_SetPriorityGrouping)
    HAL_PCD_Init                             0x08001c39   Thumb Code   166  stm32f3xx_hal_pcd.o(i.HAL_PCD_Init)
    HAL_PCD_MspInit                          0x08001ce1   Thumb Code    66  stm32f3xx_hal_msp.o(i.HAL_PCD_MspInit)
    HAL_RCCEx_PeriphCLKConfig                0x08001d2d   Thumb Code   522  stm32f3xx_hal_rcc_ex.o(i.HAL_RCCEx_PeriphCLKConfig)
    HAL_RCC_ClockConfig                      0x08001f45   Thumb Code   306  stm32f3xx_hal_rcc.o(i.HAL_RCC_ClockConfig)
    HAL_RCC_GetHCLKFreq                      0x08002089   Thumb Code     6  stm32f3xx_hal_rcc.o(i.HAL_RCC_GetHCLKFreq)
    HAL_RCC_GetPCLK1Freq                     0x08002095   Thumb Code    34  stm32f3xx_hal_rcc.o(i.HAL_RCC_GetPCLK1Freq)
    HAL_RCC_GetPCLK2Freq                     0x080020c5   Thumb Code    34  stm32f3xx_hal_rcc.o(i.HAL_RCC_GetPCLK2Freq)
    HAL_RCC_GetSysClockFreq                  0x080020f5   Thumb Code    84  stm32f3xx_hal_rcc.o(i.HAL_RCC_GetSysClockFreq)
    HAL_RCC_OscConfig                        0x08002159   Thumb Code  1424  stm32f3xx_hal_rcc.o(i.HAL_RCC_OscConfig)
    HAL_RTC_GetDate                          0x080026e9   Thumb Code    62  stm32f3xx_hal_rtc.o(i.HAL_RTC_GetDate)
    HAL_RTC_GetTime                          0x0800272d   Thumb Code    82  stm32f3xx_hal_rtc.o(i.HAL_RTC_GetTime)
    HAL_RTC_Init                             0x08002785   Thumb Code   166  stm32f3xx_hal_rtc.o(i.HAL_RTC_Init)
    HAL_RTC_MspInit                          0x08002831   Thumb Code    32  stm32f3xx_hal_msp.o(i.HAL_RTC_MspInit)
    HAL_RTC_SetDate                          0x08002859   Thumb Code   194  stm32f3xx_hal_rtc.o(i.HAL_RTC_SetDate)
    HAL_RTC_SetTime                          0x08002921   Thumb Code   236  stm32f3xx_hal_rtc.o(i.HAL_RTC_SetTime)
    HAL_RTC_WaitForSynchro                   0x08002a11   Thumb Code    54  stm32f3xx_hal_rtc.o(i.HAL_RTC_WaitForSynchro)
    HAL_SPI_Init                             0x08002a47   Thumb Code   182  stm32f3xx_hal_spi.o(i.HAL_SPI_Init)
    HAL_SPI_MspInit                          0x08002afd   Thumb Code    64  stm32f3xx_hal_msp.o(i.HAL_SPI_MspInit)
    HAL_SYSTICK_CLKSourceConfig              0x08002b45   Thumb Code    24  stm32f3xx_hal_cortex.o(i.HAL_SYSTICK_CLKSourceConfig)
    HAL_SYSTICK_Callback                     0x08002b5d   Thumb Code     2  stm32f3xx_hal_cortex.o(i.HAL_SYSTICK_Callback)
    HAL_SYSTICK_Config                       0x08002b5f   Thumb Code    40  stm32f3xx_hal_cortex.o(i.HAL_SYSTICK_Config)
    HAL_SYSTICK_IRQHandler                   0x08002b87   Thumb Code     8  stm32f3xx_hal_cortex.o(i.HAL_SYSTICK_IRQHandler)
    HAL_TIMEx_Break2Callback                 0x08002b8f   Thumb Code     2  stm32f3xx_hal_tim_ex.o(i.HAL_TIMEx_Break2Callback)
    HAL_TIMEx_BreakCallback                  0x08002b91   Thumb Code     2  stm32f3xx_hal_tim_ex.o(i.HAL_TIMEx_BreakCallback)
    HAL_TIMEx_CommutationCallback            0x08002b93   Thumb Code     2  stm32f3xx_hal_tim_ex.o(i.HAL_TIMEx_CommutationCallback)
    HAL_TIMEx_MasterConfigSynchronization    0x08002b95   Thumb Code    78  stm32f3xx_hal_tim_ex.o(i.HAL_TIMEx_MasterConfigSynchronization)
    HAL_TIM_Base_Init                        0x08002bed   Thumb Code    54  stm32f3xx_hal_tim.o(i.HAL_TIM_Base_Init)
    HAL_TIM_Base_MspInit                     0x08002c25   Thumb Code    50  stm32f3xx_hal_msp.o(i.HAL_TIM_Base_MspInit)
    HAL_TIM_Base_Start_IT                    0x08002c5d   Thumb Code    24  stm32f3xx_hal_tim.o(i.HAL_TIM_Base_Start_IT)
    HAL_TIM_ConfigClockSource                0x08002c75   Thumb Code   246  stm32f3xx_hal_tim.o(i.HAL_TIM_ConfigClockSource)
    HAL_TIM_IC_CaptureCallback               0x08002d71   Thumb Code     2  stm32f3xx_hal_tim.o(i.HAL_TIM_IC_CaptureCallback)
    HAL_TIM_IRQHandler                       0x08002d73   Thumb Code   388  stm32f3xx_hal_tim.o(i.HAL_TIM_IRQHandler)
    HAL_TIM_MspPostInit                      0x08002ef9   Thumb Code    40  stm32f3xx_hal_msp.o(i.HAL_TIM_MspPostInit)
    HAL_TIM_OC_DelayElapsedCallback          0x08002f29   Thumb Code     2  stm32f3xx_hal_tim.o(i.HAL_TIM_OC_DelayElapsedCallback)
    HAL_TIM_PWM_ConfigChannel                0x08002f2b   Thumb Code   296  stm32f3xx_hal_tim_ex.o(i.HAL_TIM_PWM_ConfigChannel)
    HAL_TIM_PWM_Init                         0x08003053   Thumb Code    54  stm32f3xx_hal_tim.o(i.HAL_TIM_PWM_Init)
    HAL_TIM_PWM_MspInit                      0x08003089   Thumb Code    30  stm32f3xx_hal_msp.o(i.HAL_TIM_PWM_MspInit)
    HAL_TIM_PWM_PulseFinishedCallback        0x080030b1   Thumb Code     2  stm32f3xx_hal_tim.o(i.HAL_TIM_PWM_PulseFinishedCallback)
    HAL_TIM_PWM_Start                        0x080030b5   Thumb Code    66  stm32f3xx_hal_tim.o(i.HAL_TIM_PWM_Start)
    HAL_TIM_PeriodElapsedCallback            0x0800310d   Thumb Code     2  stm32f3xx_hal_tim.o(i.HAL_TIM_PeriodElapsedCallback)
    HAL_TIM_TriggerCallback                  0x0800310f   Thumb Code     2  stm32f3xx_hal_tim.o(i.HAL_TIM_TriggerCallback)
    HAL_UARTEx_WakeupCallback                0x08003111   Thumb Code     2  stm32f3xx_hal_uart_ex.o(i.HAL_UARTEx_WakeupCallback)
    HAL_UART_ErrorCallback                   0x08003113   Thumb Code     2  stm32f3xx_hal_uart.o(i.HAL_UART_ErrorCallback)
    HAL_UART_IRQHandler                      0x08003115   Thumb Code   316  stm32f3xx_hal_uart.o(i.HAL_UART_IRQHandler)
    HAL_UART_Init                            0x08003255   Thumb Code   106  stm32f3xx_hal_uart.o(i.HAL_UART_Init)
    HAL_UART_MspInit                         0x080032c1   Thumb Code    80  stm32f3xx_hal_msp.o(i.HAL_UART_MspInit)
    HAL_UART_Receive_IT                      0x08003319   Thumb Code   122  stm32f3xx_hal_uart.o(i.HAL_UART_Receive_IT)
    HAL_UART_RxCpltCallback                  0x08003393   Thumb Code     2  stm32f3xx_hal_uart.o(i.HAL_UART_RxCpltCallback)
    HAL_UART_Transmit                        0x08003395   Thumb Code   180  stm32f3xx_hal_uart.o(i.HAL_UART_Transmit)
    HAL_UART_TxCpltCallback                  0x08003449   Thumb Code     2  stm32f3xx_hal_uart.o(i.HAL_UART_TxCpltCallback)
    HardFault_Handler                        0x0800344b   Thumb Code     2  stm32f3xx_it.o(i.HardFault_Handler)
    LiquidCrystal                            0x0800344d   Thumb Code    66  liquidcrystal.o(i.LiquidCrystal)
    MemManage_Handler                        0x0800392d   Thumb Code     2  stm32f3xx_it.o(i.MemManage_Handler)
    NMI_Handler                              0x0800392f   Thumb Code     2  stm32f3xx_it.o(i.NMI_Handler)
    PendSV_Handler                           0x08003951   Thumb Code     2  stm32f3xx_it.o(i.PendSV_Handler)
    RTC_Bcd2ToByte                           0x08003953   Thumb Code    18  stm32f3xx_hal_rtc.o(i.RTC_Bcd2ToByte)
    RTC_ByteToBcd2                           0x08003965   Thumb Code    22  stm32f3xx_hal_rtc.o(i.RTC_ByteToBcd2)
    RTC_EnterInitMode                        0x0800397d   Thumb Code    58  stm32f3xx_hal_rtc.o(i.RTC_EnterInitMode)
    SVC_Handler                              0x080039b7   Thumb Code     2  stm32f3xx_it.o(i.SVC_Handler)
    SysTick_Handler                          0x080039b9   Thumb Code    14  stm32f3xx_it.o(i.SysTick_Handler)
    SystemClock_Config                       0x080039c9   Thumb Code   150  main.o(i.SystemClock_Config)
    SystemInit                               0x08003a65   Thumb Code    82  system_stm32f3xx.o(i.SystemInit)
    TIM2_IRQHandler                          0x08003acd   Thumb Code   224  stm32f3xx_it.o(i.TIM2_IRQHandler)
    TIM_Base_SetConfig                       0x08003be9   Thumb Code   146  stm32f3xx_hal_tim.o(i.TIM_Base_SetConfig)
    TIM_CCxChannelCmd                        0x08003c99   Thumb Code    22  stm32f3xx_hal_tim.o(i.TIM_CCxChannelCmd)
    TIM_ETR_SetConfig                        0x08003caf   Thumb Code    20  stm32f3xx_hal_tim.o(i.TIM_ETR_SetConfig)
    TIM_OC1_SetConfig                        0x08003cd5   Thumb Code   132  stm32f3xx_hal_tim.o(i.TIM_OC1_SetConfig)
    TIM_OC2_SetConfig                        0x08003d71   Thumb Code   120  stm32f3xx_hal_tim.o(i.TIM_OC2_SetConfig)
    TIM_OC3_SetConfig                        0x08003e01   Thumb Code   118  stm32f3xx_hal_tim.o(i.TIM_OC3_SetConfig)
    TIM_OC4_SetConfig                        0x08003e91   Thumb Code    92  stm32f3xx_hal_tim.o(i.TIM_OC4_SetConfig)
    UART_AdvFeatureConfig                    0x0800402b   Thumb Code   200  stm32f3xx_hal_uart.o(i.UART_AdvFeatureConfig)
    UART_CheckIdleState                      0x080040f3   Thumb Code    92  stm32f3xx_hal_uart.o(i.UART_CheckIdleState)
    UART_EndTransmit_IT                      0x0800417f   Thumb Code    26  stm32f3xx_hal_uart.o(i.UART_EndTransmit_IT)
    UART_Receive_IT                          0x08004199   Thumb Code   118  stm32f3xx_hal_uart.o(i.UART_Receive_IT)
    UART_SetConfig                           0x08004211   Thumb Code   434  stm32f3xx_hal_uart.o(i.UART_SetConfig)
    UART_Transmit_IT                         0x080043e5   Thumb Code   100  stm32f3xx_hal_uart.o(i.UART_Transmit_IT)
    UART_WaitOnFlagUntilTimeout              0x08004449   Thumb Code   100  stm32f3xx_hal_uart.o(i.UART_WaitOnFlagUntilTimeout)
    USART2_IRQHandler                        0x080044ad   Thumb Code   116  stm32f3xx_it.o(i.USART2_IRQHandler)
    UsageFault_Handler                       0x08004539   Thumb Code     2  stm32f3xx_it.o(i.UsageFault_Handler)
    __0sprintf$1                             0x0800453d   Thumb Code    34  printf1.o(i.__0sprintf$1)
    __1sprintf$1                             0x0800453d   Thumb Code     0  printf1.o(i.__0sprintf$1)
    __2sprintf                               0x0800453d   Thumb Code     0  printf1.o(i.__0sprintf$1)
    __scatterload_copy                       0x08004565   Thumb Code    14  handlers.o(i.__scatterload_copy)
    __scatterload_null                       0x08004573   Thumb Code     2  handlers.o(i.__scatterload_null)
    __scatterload_zeroinit                   0x08004575   Thumb Code    14  handlers.o(i.__scatterload_zeroinit)
    begin                                    0x080046e5   Thumb Code   304  liquidcrystal.o(i.begin)
    clear                                    0x0800481d   Thumb Code    18  liquidcrystal.o(i.clear)
    command                                  0x0800482f   Thumb Code     6  liquidcrystal.o(i.command)
    createChar                               0x08004835   Thumb Code    36  liquidcrystal.o(i.createChar)
    decreaseTime                             0x08004859   Thumb Code   178  main.o(i.decreaseTime)
    display                                  0x08004919   Thumb Code    18  liquidcrystal.o(i.display)
    enableClock                              0x08004931   Thumb Code   142  liquidcrystal.o(i.enableClock)
    increaseTime                             0x080049dd   Thumb Code   178  main.o(i.increaseTime)
    init                                     0x08004a9d   Thumb Code    72  liquidcrystal.o(i.init)
    main                                     0x08004aed   Thumb Code   130  main.o(i.main)
    print                                    0x08004b7d   Thumb Code    40  liquidcrystal.o(i.print)
    pulseEnable                              0x08004ba5   Thumb Code    56  liquidcrystal.o(i.pulseEnable)
    send                                     0x08004be1   Thumb Code    62  liquidcrystal.o(i.send)
    setCursor                                0x08004c25   Thumb Code    36  liquidcrystal.o(i.setCursor)
    setRowOffsets                            0x08004c4d   Thumb Code    14  liquidcrystal.o(i.setRowOffsets)
    showLight                                0x08004c61   Thumb Code    76  main.o(i.showLight)
    showTemp                                 0x08004cb5   Thumb Code    90  main.o(i.showTemp)
    showTimeCalender                         0x08004d19   Thumb Code   458  main.o(i.showTimeCalender)
    specialChar                              0x08004f11   Thumb Code   134  main.o(i.specialChar)
    toMonth                                  0x08004fd1   Thumb Code    68  main.o(i.toMonth)
    toWeekday                                0x08005045   Thumb Code    42  main.o(i.toWeekday)
    write                                    0x0800508d   Thumb Code    12  liquidcrystal.o(i.write)
    write4bits                               0x08005099   Thumb Code    44  liquidcrystal.o(i.write4bits)
    write8bits                               0x080050cd   Thumb Code    44  liquidcrystal.o(i.write8bits)
    zeropadd                                 0x08005101   Thumb Code    50  main.o(i.zeropadd)
    aPLLMULFactorTable                       0x0800513c   Data          16  stm32f3xx_hal_rcc.o(.constdata)
    aPredivFactorTable                       0x0800514c   Data          16  stm32f3xx_hal_rcc.o(.constdata)
    AHBPrescTable                            0x0800515c   Data          16  system_stm32f3xx.o(.constdata)
    APBPrescTable                            0x0800516c   Data           8  system_stm32f3xx.o(.constdata)
    Region$$Table$$Base                      0x08005174   Number         0  anon$$obj.o(Region$$Table)
    Region$$Table$$Limit                     0x08005194   Number         0  anon$$obj.o(Region$$Table)
    _fourbit_mode                            0x20000000   Data           1  liquidcrystal.o(.data)
    dotsize                                  0x20000001   Data           1  liquidcrystal.o(.data)
    _displayfunction                         0x20000002   Data           1  liquidcrystal.o(.data)
    _displaycontrol                          0x20000003   Data           1  liquidcrystal.o(.data)
    _displaymode                             0x20000004   Data           1  liquidcrystal.o(.data)
    _numlines                                0x20000005   Data           1  liquidcrystal.o(.data)
    _rs_pin                                  0x20000006   Data           2  liquidcrystal.o(.data)
    _rw_pin                                  0x20000008   Data           2  liquidcrystal.o(.data)
    _enable_pin                              0x2000000a   Data           2  liquidcrystal.o(.data)
    _port                                    0x2000000c   Data           4  liquidcrystal.o(.data)
    _row_offsets                             0x20000010   Data           4  liquidcrystal.o(.data)
    mode                                     0x20000014   Data           4  main.o(.data)
    c                                        0x20000018   Data           4  main.o(.data)
    blinkCounter                             0x2000001c   Data           4  main.o(.data)
    b                                        0x20000020   Data           4  main.o(.data)
    d                                        0x20000024   Data           4  main.o(.data)
    hi                                       0x20000028   Data           5  main.o(.data)
    low                                      0x2000002d   Data           5  main.o(.data)
    dd                                       0x20000032   Data           1  main.o(.data)
    pos                                      0x20000034   Data           4  main.o(.data)
    flag                                     0x20000038   Data           4  stm32f3xx_it.o(.data)
    m                                        0x2000003c   Data          16  stm32f3xx_it.o(.data)
    uwTickFreq                               0x20000050   Data           1  stm32f3xx_hal.o(.data)
    uwTickPrio                               0x20000054   Data           4  stm32f3xx_hal.o(.data)
    uwTick                                   0x20000058   Data           4  stm32f3xx_hal.o(.data)
    SystemCoreClock                          0x2000005c   Data           4  system_stm32f3xx.o(.data)
    _data_pins                               0x20000060   Data          16  liquidcrystal.o(.bss)
    buffer                                   0x20000070   Data         100  main.o(.bss)
    temp                                     0x200000d4   Data         100  main.o(.bss)
    light                                    0x20000138   Data         100  main.o(.bss)
    hadc1                                    0x2000019c   Data          84  main.o(.bss)
    hadc2                                    0x200001f0   Data          84  main.o(.bss)
    hadc3                                    0x20000244   Data          84  main.o(.bss)
    hi2c1                                    0x20000298   Data          76  main.o(.bss)
    hrtc                                     0x200002e4   Data          32  main.o(.bss)
    hspi1                                    0x20000304   Data         100  main.o(.bss)
    htim2                                    0x20000368   Data          64  main.o(.bss)
    htim3                                    0x200003a8   Data          64  main.o(.bss)
    huart2                                   0x200003e8   Data         112  main.o(.bss)
    hpcd_USB_FS                              0x20000458   Data         936  main.o(.bss)
    t                                        0x20000800   Data          20  main.o(.bss)
    __initial_sp                             0x20000c18   Data           0  startup_stm32f303xc.o(STACK)



==============================================================================

Memory Map of the image

  Image Entry point : 0x08000189

  Load Region LR_IROM1 (Base: 0x08000000, Size: 0x000051f4, Max: 0x00040000, ABSOLUTE)

    Execution Region ER_IROM1 (Exec base: 0x08000000, Load base: 0x08000000, Size: 0x00005194, Max: 0x00040000, ABSOLUTE)

    Exec Addr    Load Addr    Size         Type   Attr      Idx    E Section Name        Object

    0x08000000   0x08000000   0x00000188   Data   RO            3    RESET               startup_stm32f303xc.o
    0x08000188   0x08000188   0x00000000   Code   RO         4942  * .ARM.Collect$$$$00000000  mc_w.l(entry.o)
    0x08000188   0x08000188   0x00000004   Code   RO         5222    .ARM.Collect$$$$00000001  mc_w.l(entry2.o)
    0x0800018c   0x0800018c   0x00000004   Code   RO         5225    .ARM.Collect$$$$00000004  mc_w.l(entry5.o)
    0x08000190   0x08000190   0x00000000   Code   RO         5227    .ARM.Collect$$$$00000008  mc_w.l(entry7b.o)
    0x08000190   0x08000190   0x00000000   Code   RO         5229    .ARM.Collect$$$$0000000A  mc_w.l(entry8b.o)
    0x08000190   0x08000190   0x00000008   Code   RO         5230    .ARM.Collect$$$$0000000B  mc_w.l(entry9a.o)
    0x08000198   0x08000198   0x00000000   Code   RO         5232    .ARM.Collect$$$$0000000D  mc_w.l(entry10a.o)
    0x08000198   0x08000198   0x00000000   Code   RO         5234    .ARM.Collect$$$$0000000F  mc_w.l(entry11a.o)
    0x08000198   0x08000198   0x00000004   Code   RO         5223    .ARM.Collect$$$$00002712  mc_w.l(entry2.o)
    0x0800019c   0x0800019c   0x00000024   Code   RO            4    .text               startup_stm32f303xc.o
    0x080001c0   0x080001c0   0x00000020   Code   RO         4945    .text               mc_w.l(llushr.o)
    0x080001e0   0x080001e0   0x00000018   Code   RO         4949    .text               mc_w.l(strcat.o)
    0x080001f8   0x080001f8   0x0000000e   Code   RO         4951    .text               mc_w.l(strlen.o)
    0x08000206   0x08000206   0x00000012   Code   RO         4953    .text               mc_w.l(strcpy.o)
    0x08000218   0x08000218   0x00000022   Code   RO         5218    .text               mf_w.l(dflti.o)
    0x0800023a   0x0800023a   0x00000002   PAD
    0x0800023c   0x0800023c   0x00000030   Code   RO         5220    .text               mf_w.l(cdrcmple.o)
    0x0800026c   0x0800026c   0x0000002c   Code   RO         5239    .text               mc_w.l(uidiv.o)
    0x08000298   0x08000298   0x00000000   Code   RO         5243    .text               mc_w.l(iusefp.o)
    0x08000298   0x08000298   0x000000ba   Code   RO         5244    .text               mf_w.l(depilogue.o)
    0x08000352   0x08000352   0x00000002   PAD
    0x08000354   0x08000354   0x00000024   Code   RO         5254    .text               mc_w.l(init.o)
    0x08000378   0x08000378   0x0000001e   Code   RO         5257    .text               mc_w.l(llshl.o)
    0x08000396   0x08000396   0x00000002   PAD
    0x08000398   0x08000398   0x00000064   Code   RO          491    i.ADC1_2_IRQHandler  stm32f3xx_it.o
    0x080003fc   0x080003fc   0x00000288   Code   RO          492    i.ADC3_IRQHandler   stm32f3xx_it.o
    0x08000684   0x08000684   0x00000062   Code   RO          906    i.ADC_Disable       stm32f3xx_hal_adc_ex.o
    0x080006e6   0x080006e6   0x00000002   PAD
    0x080006e8   0x080006e8   0x00000060   Code   RO          907    i.ADC_Enable        stm32f3xx_hal_adc_ex.o
    0x08000748   0x08000748   0x00000002   Code   RO          493    i.BusFault_Handler  stm32f3xx_it.o
    0x0800074a   0x0800074a   0x0000000a   Code   RO          332    i.ClearScreen       main.o
    0x08000754   0x08000754   0x00000002   Code   RO          494    i.DebugMon_Handler  stm32f3xx_it.o
    0x08000756   0x08000756   0x00000002   PAD
    0x08000758   0x08000758   0x000001a8   Code   RO          495    i.EXTI0_IRQHandler  stm32f3xx_it.o
    0x08000900   0x08000900   0x00000130   Code   RO          496    i.EXTI1_IRQHandler  stm32f3xx_it.o
    0x08000a30   0x08000a30   0x00000006   Code   RO          497    i.EXTI2_TSC_IRQHandler  stm32f3xx_it.o
    0x08000a36   0x08000a36   0x00000006   Code   RO          498    i.EXTI4_IRQHandler  stm32f3xx_it.o
    0x08000a3c   0x08000a3c   0x0000002c   Code   RO          499    i.EXTI9_5_IRQHandler  stm32f3xx_it.o
    0x08000a68   0x08000a68   0x00000002   Code   RO          912    i.HAL_ADCEx_InjectedConvCpltCallback  stm32f3xx_hal_adc_ex.o
    0x08000a6a   0x08000a6a   0x00000002   Code   RO          915    i.HAL_ADCEx_InjectedQueueOverflowCallback  stm32f3xx_hal_adc_ex.o
    0x08000a6c   0x08000a6c   0x00000002   Code   RO          920    i.HAL_ADCEx_LevelOutOfWindow2Callback  stm32f3xx_hal_adc_ex.o
    0x08000a6e   0x08000a6e   0x00000002   Code   RO          921    i.HAL_ADCEx_LevelOutOfWindow3Callback  stm32f3xx_hal_adc_ex.o
    0x08000a70   0x08000a70   0x00000114   Code   RO          922    i.HAL_ADCEx_MultiModeConfigChannel  stm32f3xx_hal_adc_ex.o
    0x08000b84   0x08000b84   0x00000394   Code   RO          931    i.HAL_ADC_ConfigChannel  stm32f3xx_hal_adc_ex.o
    0x08000f18   0x08000f18   0x00000002   Code   RO          754    i.HAL_ADC_ConvCpltCallback  stm32f3xx_hal_adc.o
    0x08000f1a   0x08000f1a   0x00000002   Code   RO          757    i.HAL_ADC_ErrorCallback  stm32f3xx_hal_adc.o
    0x08000f1c   0x08000f1c   0x00000006   Code   RO          933    i.HAL_ADC_GetValue  stm32f3xx_hal_adc_ex.o
    0x08000f22   0x08000f22   0x00000002   PAD
    0x08000f24   0x08000f24   0x00000328   Code   RO          934    i.HAL_ADC_IRQHandler  stm32f3xx_hal_adc_ex.o
    0x0800124c   0x0800124c   0x00000248   Code   RO          935    i.HAL_ADC_Init      stm32f3xx_hal_adc_ex.o
    0x08001494   0x08001494   0x00000002   Code   RO          763    i.HAL_ADC_LevelOutOfWindowCallback  stm32f3xx_hal_adc.o
    0x08001496   0x08001496   0x00000002   PAD
    0x08001498   0x08001498   0x000000d0   Code   RO          625    i.HAL_ADC_MspInit   stm32f3xx_hal_msp.o
    0x08001568   0x08001568   0x00000180   Code   RO          940    i.HAL_ADC_Start_IT  stm32f3xx_hal_adc_ex.o
    0x080016e8   0x080016e8   0x0000004a   Code   RO         4349    i.HAL_DMA_Abort_IT  stm32f3xx_hal_dma.o
    0x08001732   0x08001732   0x00000002   PAD
    0x08001734   0x08001734   0x00000024   Code   RO         3966    i.HAL_Delay         stm32f3xx_hal.o
    0x08001758   0x08001758   0x00000002   Code   RO         4281    i.HAL_GPIO_EXTI_Callback  stm32f3xx_hal_gpio.o
    0x0800175a   0x0800175a   0x00000002   PAD
    0x0800175c   0x0800175c   0x00000018   Code   RO         4282    i.HAL_GPIO_EXTI_IRQHandler  stm32f3xx_hal_gpio.o
    0x08001774   0x08001774   0x00000188   Code   RO         4283    i.HAL_GPIO_Init     stm32f3xx_hal_gpio.o
    0x080018fc   0x080018fc   0x0000000a   Code   RO         4285    i.HAL_GPIO_ReadPin  stm32f3xx_hal_gpio.o
    0x08001906   0x08001906   0x0000000a   Code   RO         4287    i.HAL_GPIO_WritePin  stm32f3xx_hal_gpio.o
    0x08001910   0x08001910   0x0000000c   Code   RO         3970    i.HAL_GetTick       stm32f3xx_hal.o
    0x0800191c   0x0800191c   0x00000056   Code   RO         1594    i.HAL_I2CEx_ConfigAnalogFilter  stm32f3xx_hal_i2c_ex.o
    0x08001972   0x08001972   0x00000052   Code   RO         1595    i.HAL_I2CEx_ConfigDigitalFilter  stm32f3xx_hal_i2c_ex.o
    0x080019c4   0x080019c4   0x000000b8   Code   RO         1177    i.HAL_I2C_Init      stm32f3xx_hal_i2c.o
    0x08001a7c   0x08001a7c   0x0000004c   Code   RO          627    i.HAL_I2C_MspInit   stm32f3xx_hal_msp.o
    0x08001ac8   0x08001ac8   0x00000010   Code   RO         3976    i.HAL_IncTick       stm32f3xx_hal.o
    0x08001ad8   0x08001ad8   0x00000024   Code   RO         3977    i.HAL_Init          stm32f3xx_hal.o
    0x08001afc   0x08001afc   0x00000040   Code   RO         3978    i.HAL_InitTick      stm32f3xx_hal.o
    0x08001b3c   0x08001b3c   0x00000080   Code   RO          628    i.HAL_MspInit       stm32f3xx_hal_msp.o
    0x08001bbc   0x08001bbc   0x00000016   Code   RO         4451    i.HAL_NVIC_EnableIRQ  stm32f3xx_hal_cortex.o
    0x08001bd2   0x08001bd2   0x00000002   PAD
    0x08001bd4   0x08001bd4   0x00000040   Code   RO         4457    i.HAL_NVIC_SetPriority  stm32f3xx_hal_cortex.o
    0x08001c14   0x08001c14   0x00000024   Code   RO         4458    i.HAL_NVIC_SetPriorityGrouping  stm32f3xx_hal_cortex.o
    0x08001c38   0x08001c38   0x000000a6   Code   RO         3724    i.HAL_PCD_Init      stm32f3xx_hal_pcd.o
    0x08001cde   0x08001cde   0x00000002   PAD
    0x08001ce0   0x08001ce0   0x0000004c   Code   RO          630    i.HAL_PCD_MspInit   stm32f3xx_hal_msp.o
    0x08001d2c   0x08001d2c   0x00000218   Code   RO         4240    i.HAL_RCCEx_PeriphCLKConfig  stm32f3xx_hal_rcc_ex.o
    0x08001f44   0x08001f44   0x00000144   Code   RO         4134    i.HAL_RCC_ClockConfig  stm32f3xx_hal_rcc.o
    0x08002088   0x08002088   0x0000000c   Code   RO         4139    i.HAL_RCC_GetHCLKFreq  stm32f3xx_hal_rcc.o
    0x08002094   0x08002094   0x00000030   Code   RO         4141    i.HAL_RCC_GetPCLK1Freq  stm32f3xx_hal_rcc.o
    0x080020c4   0x080020c4   0x00000030   Code   RO         4142    i.HAL_RCC_GetPCLK2Freq  stm32f3xx_hal_rcc.o
    0x080020f4   0x080020f4   0x00000064   Code   RO         4143    i.HAL_RCC_GetSysClockFreq  stm32f3xx_hal_rcc.o
    0x08002158   0x08002158   0x00000590   Code   RO         4146    i.HAL_RCC_OscConfig  stm32f3xx_hal_rcc.o
    0x080026e8   0x080026e8   0x00000044   Code   RO         1653    i.HAL_RTC_GetDate   stm32f3xx_hal_rtc.o
    0x0800272c   0x0800272c   0x00000058   Code   RO         1655    i.HAL_RTC_GetTime   stm32f3xx_hal_rtc.o
    0x08002784   0x08002784   0x000000ac   Code   RO         1656    i.HAL_RTC_Init      stm32f3xx_hal_rtc.o
    0x08002830   0x08002830   0x00000028   Code   RO          632    i.HAL_RTC_MspInit   stm32f3xx_hal_msp.o
    0x08002858   0x08002858   0x000000c8   Code   RO         1662    i.HAL_RTC_SetDate   stm32f3xx_hal_rtc.o
    0x08002920   0x08002920   0x000000f0   Code   RO         1663    i.HAL_RTC_SetTime   stm32f3xx_hal_rtc.o
    0x08002a10   0x08002a10   0x00000036   Code   RO         1664    i.HAL_RTC_WaitForSynchro  stm32f3xx_hal_rtc.o
    0x08002a46   0x08002a46   0x000000b6   Code   RO         2024    i.HAL_SPI_Init      stm32f3xx_hal_spi.o
    0x08002afc   0x08002afc   0x00000048   Code   RO          634    i.HAL_SPI_MspInit   stm32f3xx_hal_msp.o
    0x08002b44   0x08002b44   0x00000018   Code   RO         4460    i.HAL_SYSTICK_CLKSourceConfig  stm32f3xx_hal_cortex.o
    0x08002b5c   0x08002b5c   0x00000002   Code   RO         4461    i.HAL_SYSTICK_Callback  stm32f3xx_hal_cortex.o
    0x08002b5e   0x08002b5e   0x00000028   Code   RO         4462    i.HAL_SYSTICK_Config  stm32f3xx_hal_cortex.o
    0x08002b86   0x08002b86   0x00000008   Code   RO         4463    i.HAL_SYSTICK_IRQHandler  stm32f3xx_hal_cortex.o
    0x08002b8e   0x08002b8e   0x00000002   Code   RO         3010    i.HAL_TIMEx_Break2Callback  stm32f3xx_hal_tim_ex.o
    0x08002b90   0x08002b90   0x00000002   Code   RO         3011    i.HAL_TIMEx_BreakCallback  stm32f3xx_hal_tim_ex.o
    0x08002b92   0x08002b92   0x00000002   Code   RO         3012    i.HAL_TIMEx_CommutationCallback  stm32f3xx_hal_tim_ex.o
    0x08002b94   0x08002b94   0x00000058   Code   RO         3029    i.HAL_TIMEx_MasterConfigSynchronization  stm32f3xx_hal_tim_ex.o
    0x08002bec   0x08002bec   0x00000036   Code   RO         2366    i.HAL_TIM_Base_Init  stm32f3xx_hal_tim.o
    0x08002c22   0x08002c22   0x00000002   PAD
    0x08002c24   0x08002c24   0x00000038   Code   RO          636    i.HAL_TIM_Base_MspInit  stm32f3xx_hal_msp.o
    0x08002c5c   0x08002c5c   0x00000018   Code   RO         2371    i.HAL_TIM_Base_Start_IT  stm32f3xx_hal_tim.o
    0x08002c74   0x08002c74   0x000000fc   Code   RO         2375    i.HAL_TIM_ConfigClockSource  stm32f3xx_hal_tim.o
    0x08002d70   0x08002d70   0x00000002   Code   RO         2397    i.HAL_TIM_IC_CaptureCallback  stm32f3xx_hal_tim.o
    0x08002d72   0x08002d72   0x00000184   Code   RO         2410    i.HAL_TIM_IRQHandler  stm32f3xx_hal_tim.o
    0x08002ef6   0x08002ef6   0x00000002   PAD
    0x08002ef8   0x08002ef8   0x00000030   Code   RO          637    i.HAL_TIM_MspPostInit  stm32f3xx_hal_msp.o
    0x08002f28   0x08002f28   0x00000002   Code   RO         2413    i.HAL_TIM_OC_DelayElapsedCallback  stm32f3xx_hal_tim.o
    0x08002f2a   0x08002f2a   0x00000128   Code   RO         3049    i.HAL_TIM_PWM_ConfigChannel  stm32f3xx_hal_tim_ex.o
    0x08003052   0x08003052   0x00000036   Code   RO         2437    i.HAL_TIM_PWM_Init  stm32f3xx_hal_tim.o
    0x08003088   0x08003088   0x00000028   Code   RO          639    i.HAL_TIM_PWM_MspInit  stm32f3xx_hal_msp.o
    0x080030b0   0x080030b0   0x00000002   Code   RO         2440    i.HAL_TIM_PWM_PulseFinishedCallback  stm32f3xx_hal_tim.o
    0x080030b2   0x080030b2   0x00000002   PAD
    0x080030b4   0x080030b4   0x00000058   Code   RO         2441    i.HAL_TIM_PWM_Start  stm32f3xx_hal_tim.o
    0x0800310c   0x0800310c   0x00000002   Code   RO         2447    i.HAL_TIM_PeriodElapsedCallback  stm32f3xx_hal_tim.o
    0x0800310e   0x0800310e   0x00000002   Code   RO         2451    i.HAL_TIM_TriggerCallback  stm32f3xx_hal_tim.o
    0x08003110   0x08003110   0x00000002   Code   RO         3654    i.HAL_UARTEx_WakeupCallback  stm32f3xx_hal_uart_ex.o
    0x08003112   0x08003112   0x00000002   Code   RO         3311    i.HAL_UART_ErrorCallback  stm32f3xx_hal_uart.o
    0x08003114   0x08003114   0x00000140   Code   RO         3314    i.HAL_UART_IRQHandler  stm32f3xx_hal_uart.o
    0x08003254   0x08003254   0x0000006a   Code   RO         3315    i.HAL_UART_Init     stm32f3xx_hal_uart.o
    0x080032be   0x080032be   0x00000002   PAD
    0x080032c0   0x080032c0   0x00000058   Code   RO          641    i.HAL_UART_MspInit  stm32f3xx_hal_msp.o
    0x08003318   0x08003318   0x0000007a   Code   RO         3320    i.HAL_UART_Receive_IT  stm32f3xx_hal_uart.o
    0x08003392   0x08003392   0x00000002   Code   RO         3321    i.HAL_UART_RxCpltCallback  stm32f3xx_hal_uart.o
    0x08003394   0x08003394   0x000000b4   Code   RO         3323    i.HAL_UART_Transmit  stm32f3xx_hal_uart.o
    0x08003448   0x08003448   0x00000002   Code   RO         3326    i.HAL_UART_TxCpltCallback  stm32f3xx_hal_uart.o
    0x0800344a   0x0800344a   0x00000002   Code   RO          500    i.HardFault_Handler  stm32f3xx_it.o
    0x0800344c   0x0800344c   0x00000048   Code   RO           13    i.LiquidCrystal     liquidcrystal.o
    0x08003494   0x08003494   0x0000006c   Code   RO          333    i.MX_ADC1_Init      main.o
    0x08003500   0x08003500   0x00000060   Code   RO          334    i.MX_ADC2_Init      main.o
    0x08003560   0x08003560   0x0000006c   Code   RO          335    i.MX_ADC3_Init      main.o
    0x080035cc   0x080035cc   0x0000016c   Code   RO          336    i.MX_GPIO_Init      main.o
    0x08003738   0x08003738   0x00000050   Code   RO          337    i.MX_I2C1_Init      main.o
    0x08003788   0x08003788   0x00000074   Code   RO          338    i.MX_RTC_Init       main.o
    0x080037fc   0x080037fc   0x00000048   Code   RO          339    i.MX_SPI1_Init      main.o
    0x08003844   0x08003844   0x00000054   Code   RO          340    i.MX_TIM2_Init      main.o
    0x08003898   0x08003898   0x0000005c   Code   RO          341    i.MX_TIM3_Init      main.o
    0x080038f4   0x080038f4   0x00000038   Code   RO          342    i.MX_USART2_UART_Init  main.o
    0x0800392c   0x0800392c   0x00000002   Code   RO          501    i.MemManage_Handler  stm32f3xx_it.o
    0x0800392e   0x0800392e   0x00000002   Code   RO          502    i.NMI_Handler       stm32f3xx_it.o
    0x08003930   0x08003930   0x00000020   Code   RO         4464    i.NVIC_SetPriority  stm32f3xx_hal_cortex.o
    0x08003950   0x08003950   0x00000002   Code   RO          503    i.PendSV_Handler    stm32f3xx_it.o
    0x08003952   0x08003952   0x00000012   Code   RO         1665    i.RTC_Bcd2ToByte    stm32f3xx_hal_rtc.o
    0x08003964   0x08003964   0x00000016   Code   RO         1666    i.RTC_ByteToBcd2    stm32f3xx_hal_rtc.o
    0x0800397a   0x0800397a   0x00000002   PAD
    0x0800397c   0x0800397c   0x0000003a   Code   RO         1667    i.RTC_EnterInitMode  stm32f3xx_hal_rtc.o
    0x080039b6   0x080039b6   0x00000002   Code   RO          504    i.SVC_Handler       stm32f3xx_it.o
    0x080039b8   0x080039b8   0x0000000e   Code   RO          505    i.SysTick_Handler   stm32f3xx_it.o
    0x080039c6   0x080039c6   0x00000002   PAD
    0x080039c8   0x080039c8   0x0000009c   Code   RO          343    i.SystemClock_Config  main.o
    0x08003a64   0x08003a64   0x00000068   Code   RO         4908    i.SystemInit        system_stm32f3xx.o
    0x08003acc   0x08003acc   0x0000011c   Code   RO          506    i.TIM2_IRQHandler   stm32f3xx_it.o
    0x08003be8   0x08003be8   0x000000b0   Code   RO         2452    i.TIM_Base_SetConfig  stm32f3xx_hal_tim.o
    0x08003c98   0x08003c98   0x00000016   Code   RO         2453    i.TIM_CCxChannelCmd  stm32f3xx_hal_tim.o
    0x08003cae   0x08003cae   0x00000014   Code   RO         2459    i.TIM_ETR_SetConfig  stm32f3xx_hal_tim.o
    0x08003cc2   0x08003cc2   0x00000010   Code   RO         2460    i.TIM_ITRx_SetConfig  stm32f3xx_hal_tim.o
    0x08003cd2   0x08003cd2   0x00000002   PAD
    0x08003cd4   0x08003cd4   0x0000009c   Code   RO         2461    i.TIM_OC1_SetConfig  stm32f3xx_hal_tim.o
    0x08003d70   0x08003d70   0x00000090   Code   RO         2462    i.TIM_OC2_SetConfig  stm32f3xx_hal_tim.o
    0x08003e00   0x08003e00   0x00000090   Code   RO         2463    i.TIM_OC3_SetConfig  stm32f3xx_hal_tim.o
    0x08003e90   0x08003e90   0x00000074   Code   RO         2464    i.TIM_OC4_SetConfig  stm32f3xx_hal_tim.o
    0x08003f04   0x08003f04   0x00000070   Code   RO         3052    i.TIM_OC5_SetConfig  stm32f3xx_hal_tim_ex.o
    0x08003f74   0x08003f74   0x00000070   Code   RO         3053    i.TIM_OC6_SetConfig  stm32f3xx_hal_tim_ex.o
    0x08003fe4   0x08003fe4   0x00000022   Code   RO         2466    i.TIM_TI1_ConfigInputStage  stm32f3xx_hal_tim.o
    0x08004006   0x08004006   0x00000024   Code   RO         2468    i.TIM_TI2_ConfigInputStage  stm32f3xx_hal_tim.o
    0x0800402a   0x0800402a   0x000000c8   Code   RO         3328    i.UART_AdvFeatureConfig  stm32f3xx_hal_uart.o
    0x080040f2   0x080040f2   0x0000005c   Code   RO         3329    i.UART_CheckIdleState  stm32f3xx_hal_uart.o
    0x0800414e   0x0800414e   0x00000014   Code   RO         3330    i.UART_DMAAbortOnError  stm32f3xx_hal_uart.o
    0x08004162   0x08004162   0x0000001c   Code   RO         3340    i.UART_EndRxTransfer  stm32f3xx_hal_uart.o
    0x0800417e   0x0800417e   0x0000001a   Code   RO         3341    i.UART_EndTransmit_IT  stm32f3xx_hal_uart.o
    0x08004198   0x08004198   0x00000076   Code   RO         3343    i.UART_Receive_IT   stm32f3xx_hal_uart.o
    0x0800420e   0x0800420e   0x00000002   PAD
    0x08004210   0x08004210   0x000001d4   Code   RO         3344    i.UART_SetConfig    stm32f3xx_hal_uart.o
    0x080043e4   0x080043e4   0x00000064   Code   RO         3345    i.UART_Transmit_IT  stm32f3xx_hal_uart.o
    0x08004448   0x08004448   0x00000064   Code   RO         3346    i.UART_WaitOnFlagUntilTimeout  stm32f3xx_hal_uart.o
    0x080044ac   0x080044ac   0x0000008c   Code   RO          507    i.USART2_IRQHandler  stm32f3xx_it.o
    0x08004538   0x08004538   0x00000002   Code   RO          508    i.UsageFault_Handler  stm32f3xx_it.o
    0x0800453a   0x0800453a   0x00000002   PAD
    0x0800453c   0x0800453c   0x00000028   Code   RO         5004    i.__0sprintf$1      mc_w.l(printf1.o)
    0x08004564   0x08004564   0x0000000e   Code   RO         5264    i.__scatterload_copy  mc_w.l(handlers.o)
    0x08004572   0x08004572   0x00000002   Code   RO         5265    i.__scatterload_null  mc_w.l(handlers.o)
    0x08004574   0x08004574   0x0000000e   Code   RO         5266    i.__scatterload_zeroinit  mc_w.l(handlers.o)
    0x08004582   0x08004582   0x00000002   PAD
    0x08004584   0x08004584   0x00000154   Code   RO         5009    i._printf_core      mc_w.l(printf1.o)
    0x080046d8   0x080046d8   0x0000000a   Code   RO         5011    i._sputc            mc_w.l(printf1.o)
    0x080046e2   0x080046e2   0x00000002   PAD
    0x080046e4   0x080046e4   0x00000138   Code   RO           15    i.begin             liquidcrystal.o
    0x0800481c   0x0800481c   0x00000012   Code   RO           17    i.clear             liquidcrystal.o
    0x0800482e   0x0800482e   0x00000006   Code   RO          181    i.command           liquidcrystal.o
    0x08004834   0x08004834   0x00000024   Code   RO           18    i.createChar        liquidcrystal.o
    0x08004858   0x08004858   0x000000c0   Code   RO          345    i.decreaseTime      main.o
    0x08004918   0x08004918   0x00000018   Code   RO           20    i.display           liquidcrystal.o
    0x08004930   0x08004930   0x000000ac   Code   RO           21    i.enableClock       liquidcrystal.o
    0x080049dc   0x080049dc   0x000000c0   Code   RO          346    i.increaseTime      main.o
    0x08004a9c   0x08004a9c   0x00000050   Code   RO           23    i.init              liquidcrystal.o
    0x08004aec   0x08004aec   0x00000090   Code   RO          347    i.main              main.o
    0x08004b7c   0x08004b7c   0x00000028   Code   RO           29    i.print             liquidcrystal.o
    0x08004ba4   0x08004ba4   0x0000003c   Code   RO           30    i.pulseEnable       liquidcrystal.o
    0x08004be0   0x08004be0   0x00000044   Code   RO           34    i.send              liquidcrystal.o
    0x08004c24   0x08004c24   0x00000028   Code   RO           35    i.setCursor         liquidcrystal.o
    0x08004c4c   0x08004c4c   0x00000014   Code   RO           36    i.setRowOffsets     liquidcrystal.o
    0x08004c60   0x08004c60   0x00000054   Code   RO          349    i.showLight         main.o
    0x08004cb4   0x08004cb4   0x00000064   Code   RO          350    i.showTemp          main.o
    0x08004d18   0x08004d18   0x000001f8   Code   RO          351    i.showTimeCalender  main.o
    0x08004f10   0x08004f10   0x000000c0   Code   RO          352    i.specialChar       main.o
    0x08004fd0   0x08004fd0   0x00000074   Code   RO          353    i.toMonth           main.o
    0x08005044   0x08005044   0x00000048   Code   RO          354    i.toWeekday         main.o
    0x0800508c   0x0800508c   0x0000000c   Code   RO          186    i.write             liquidcrystal.o
    0x08005098   0x08005098   0x00000034   Code   RO           37    i.write4bits        liquidcrystal.o
    0x080050cc   0x080050cc   0x00000034   Code   RO           38    i.write8bits        liquidcrystal.o
    0x08005100   0x08005100   0x0000003c   Code   RO          355    i.zeropadd          main.o
    0x0800513c   0x0800513c   0x00000020   Data   RO         4147    .constdata          stm32f3xx_hal_rcc.o
    0x0800515c   0x0800515c   0x00000010   Data   RO         4909    .constdata          system_stm32f3xx.o
    0x0800516c   0x0800516c   0x00000008   Data   RO         4910    .constdata          system_stm32f3xx.o
    0x08005174   0x08005174   0x00000020   Data   RO         5262    Region$$Table       anon$$obj.o


    Execution Region RW_IRAM1 (Exec base: 0x20000000, Load base: 0x08005194, Size: 0x00000c18, Max: 0x0000a000, ABSOLUTE)

    Exec Addr    Load Addr    Size         Type   Attr      Idx    E Section Name        Object

    0x20000000   0x08005194   0x00000014   Data   RW           40    .data               liquidcrystal.o
    0x20000014   0x080051a8   0x0000001e   Data   RW          358    .data               main.o
    0x20000032   0x080051c6   0x00000001   Data   RW          359    .data               main.o
    0x20000033   0x080051c7   0x00000001   PAD
    0x20000034   0x080051c8   0x00000004   Data   RW          360    .data               main.o
    0x20000038   0x080051cc   0x00000014   Data   RW          509    .data               stm32f3xx_it.o
    0x2000004c   0x080051e0   0x00000004   Data   RW          642    .data               stm32f3xx_hal_msp.o
    0x20000050   0x080051e4   0x0000000c   Data   RW         3984    .data               stm32f3xx_hal.o
    0x2000005c   0x080051f0   0x00000004   Data   RW         4911    .data               system_stm32f3xx.o
    0x20000060        -       0x00000010   Zero   RW           39    .bss                liquidcrystal.o
    0x20000070        -       0x00000064   Zero   RW          356    .bss                main.o
    0x200000d4        -       0x00000740   Zero   RW          357    .bss                main.o
    0x20000814   0x080051f4   0x00000004   PAD
    0x20000818        -       0x00000400   Zero   RW            1    STACK               startup_stm32f303xc.o


==============================================================================

Image component sizes


      Code (inc. data)   RO Data    RW Data    ZI Data      Debug   Object Name

      1064         94          0         20         16     660944   liquidcrystal.o
      2998        378          0         35       1956      15524   main.o
        36          8        392          0       1024        836   startup_stm32f303xc.o
       164         28          0         12          0      13417   stm32f3xx_hal.o
         6          0          0          0          0       2042   stm32f3xx_hal_adc.o
      3176        126          0          0          0      11436   stm32f3xx_hal_adc_ex.o
       228         14          0          0          0      32145   stm32f3xx_hal_cortex.o
        74          0          0          0          0       1083   stm32f3xx_hal_dma.o
       438         34          0          0          0       4215   stm32f3xx_hal_gpio.o
       184          6          0          0          0       2987   stm32f3xx_hal_i2c.o
       168          0          0          0          0       1911   stm32f3xx_hal_i2c_ex.o
       832        104          0          4          0       7002   stm32f3xx_hal_msp.o
       166          0          0          0          0       1457   stm32f3xx_hal_pcd.o
      1956         80         32          0          0       6204   stm32f3xx_hal_rcc.o
       536         14          0          0          0       1596   stm32f3xx_hal_rcc_ex.o
       920         28          0          0          0       7476   stm32f3xx_hal_rtc.o
       182          0          0          0          0       1255   stm32f3xx_hal_spi.o
      1734        156          0          0          0      15716   stm32f3xx_hal_tim.o
       614         60          0          0          0       5485   stm32f3xx_hal_tim_ex.o
      1886         58          0          0          0      13041   stm32f3xx_hal_uart.o
         2          0          0          0          0        932   stm32f3xx_hal_uart_ex.o
      1986        158          0         20          0      11045   stm32f3xx_it.o
       104         22         24          4          0       1163   system_stm32f3xx.o

    ----------------------------------------------------------------------
     19488       1368        480         96       3000     818912   Object Totals
         0          0         32          0          0          0   (incl. Generated)
        34          0          0          1          4          0   (incl. Padding)

    ----------------------------------------------------------------------

      Code (inc. data)   RO Data    RW Data    ZI Data      Debug   Library Member Name

         0          0          0          0          0          0   entry.o
         0          0          0          0          0          0   entry10a.o
         0          0          0          0          0          0   entry11a.o
         8          4          0          0          0          0   entry2.o
         4          0          0          0          0          0   entry5.o
         0          0          0          0          0          0   entry7b.o
         0          0          0          0          0          0   entry8b.o
         8          4          0          0          0          0   entry9a.o
        30          0          0          0          0          0   handlers.o
        36          8          0          0          0         68   init.o
         0          0          0          0          0          0   iusefp.o
        30          0          0          0          0         68   llshl.o
        32          0          0          0          0         68   llushr.o
       390         10          0          0          0        252   printf1.o
        24          0          0          0          0         68   strcat.o
        18          0          0          0          0         68   strcpy.o
        14          0          0          0          0         68   strlen.o
        44          0          0          0          0         80   uidiv.o
        48          0          0          0          0         68   cdrcmple.o
       186          0          0          0          0        176   depilogue.o
        34          0          0          0          0         76   dflti.o

    ----------------------------------------------------------------------
       916         26          0          0          0       1060   Library Totals
        10          0          0          0          0          0   (incl. Padding)

    ----------------------------------------------------------------------

      Code (inc. data)   RO Data    RW Data    ZI Data      Debug   Library Name

       638         26          0          0          0        740   mc_w.l
       268          0          0          0          0        320   mf_w.l

    ----------------------------------------------------------------------
       916         26          0          0          0       1060   Library Totals

    ----------------------------------------------------------------------

==============================================================================


      Code (inc. data)   RO Data    RW Data    ZI Data      Debug   

     20404       1394        480         96       3000     803756   Grand Totals
     20404       1394        480         96       3000     803756   ELF Image Totals
     20404       1394        480         96          0          0   ROM Totals

==============================================================================

    Total RO  Size (Code + RO Data)                20884 (  20.39kB)
    Total RW  Size (RW Data + ZI Data)              3096 (   3.02kB)
    Total ROM Size (Code + RO Data + RW Data)      20980 (  20.49kB)

==============================================================================

