<html>
<body>
<pre>
<h1>µVision Build Log</h1>
<h2>Tool Versions:</h2>
IDE-Version: µVision V5.25.2.0
Copyright (C) 2018 ARM Ltd and ARM Germany GmbH. All rights reserved.
License Information: mohamadreza sabeghi, mo.sa, LIC=ATTRA-1EIXT-KP3ZY-IKEUJ-L92MK-Y1GBW
 
Tool Versions:
Toolchain:       MDK-ARM Plus  Version: 5.25.2.0
Toolchain Path:  C:\Keil_v5\ARM\ARMCC\Bin
C Compiler:      Armcc.exe V5.06 update 6 (build 750)
Assembler:       Armasm.exe V5.06 update 6 (build 750)
Linker/Locator:  ArmLink.exe V5.06 update 6 (build 750)
Library Manager: ArmAr.exe V5.06 update 6 (build 750)
Hex Converter:   FromElf.exe V5.06 update 6 (build 750)
CPU DLL:         SARMCM3.DLL V5.25.2.0
Dialog DLL:      DCM.DLL V1.17.1.0
Target DLL:      STLink\ST-LINKIII-KEIL_SWO.dll V3.0.1.0
Dialog DLL:      TCM.DLL V1.35.1.0
 
<h2>Project:</h2>
D:\admins\ms\MicroProcessor\Project2\MDK-ARM\Project2.uvprojx
Project File Date:  05/19/2019

<h2>Output:</h2>
*** Using Compiler 'V5.06 update 6 (build 750)', folder: 'C:\Keil_v5\ARM\ARMCC\Bin'
Build target 'Project2'
assembling startup_stm32f303xc.s...
compiling LiquidCrystal.c...
compiling main.c...
../Src/main.c(86): warning:  #1295-D: Deprecated declaration specialChar - give arg types
  	void specialChar();
../Src/main.c(112): warning:  #223-D: function "strcat" declared implicitly
  	strcat(hi,low);
../Src/main.c(169): warning:  #223-D: function "strcpy" declared implicitly
  		strcpy(indicator,"PM");
../Src/main.c(172): warning:  #223-D: function "strcpy" declared implicitly
  		strcpy(indicator,"AM");
../Src/main.c(174): warning:  #223-D: function "strcpy" declared implicitly
  	strcpy(time," ");
../Src/main.c(175): warning:  #223-D: function "strcat" declared implicitly
  	strcat(time,zeropadd(t.Hours));
../Src/main.c(181): warning:  #223-D: function "abs" declared implicitly
  	if(counter < 9 && abs(t.Seconds - b) > 0.25){
../Src/main.c(204): warning:  #223-D: function "abs" declared implicitly
  	if(counter > 8 && abs(t.Seconds - b) > 0.25){
../Src/main.c(459): warning:  #188-D: enumerated type mixed with another type
  	HAL_GPIO_WritePin(GPIOD,GPIO_PIN_4,1);
../Src/main.c(460): warning:  #188-D: enumerated type mixed with another type
  	HAL_GPIO_WritePin(GPIOD,GPIO_PIN_5,1);
../Src/main.c(461): warning:  #188-D: enumerated type mixed with another type
  	HAL_GPIO_WritePin(GPIOD,GPIO_PIN_6,1);
../Src/main.c(462): warning:  #188-D: enumerated type mixed with another type
  	HAL_GPIO_WritePin(GPIOD,GPIO_PIN_7,1);
../Src/main.c: 12 warnings, 0 errors
compiling stm32f3xx_it.c...
../Src/stm32f3xx_it.c(57): warning:  #1295-D: Deprecated declaration increaseTime - give arg types
  	extern void increaseTime();
../Src/stm32f3xx_it.c(60): warning:  #1295-D: Deprecated declaration ClearScreen - give arg types
  	extern int ClearScreen();
../Src/stm32f3xx_it.c(63): warning:  #1295-D: Deprecated declaration showTemp - give arg types
  	extern void showTemp();
../Src/stm32f3xx_it.c(64): warning:  #1295-D: Deprecated declaration showLight - give arg types
  	extern void showLight();
../Src/stm32f3xx_it.c(236): warning:  #188-D: enumerated type mixed with another type
  			HAL_GPIO_WritePin(GPIOD,GPIO_PIN_4,1);
../Src/stm32f3xx_it.c(237): warning:  #188-D: enumerated type mixed with another type
  			HAL_GPIO_WritePin(GPIOD,GPIO_PIN_5,0);
../Src/stm32f3xx_it.c(238): warning:  #188-D: enumerated type mixed with another type
  			HAL_GPIO_WritePin(GPIOD,GPIO_PIN_6,0);
../Src/stm32f3xx_it.c(239): warning:  #188-D: enumerated type mixed with another type
  			HAL_GPIO_WritePin(GPIOD,GPIO_PIN_7,0);		
../Src/stm32f3xx_it.c(242): warning:  #188-D: enumerated type mixed with another type
  			HAL_GPIO_WritePin(GPIOD,GPIO_PIN_4,0);
../Src/stm32f3xx_it.c(243): warning:  #188-D: enumerated type mixed with another type
  			HAL_GPIO_WritePin(GPIOD,GPIO_PIN_5,1);
../Src/stm32f3xx_it.c(244): warning:  #188-D: enumerated type mixed with another type
  			HAL_GPIO_WritePin(GPIOD,GPIO_PIN_6,0);
../Src/stm32f3xx_it.c(245): warning:  #188-D: enumerated type mixed with another type
  			HAL_GPIO_WritePin(GPIOD,GPIO_PIN_7,0);
../Src/stm32f3xx_it.c(248): warning:  #188-D: enumerated type mixed with another type
  			HAL_GPIO_WritePin(GPIOD,GPIO_PIN_4,0);
../Src/stm32f3xx_it.c(249): warning:  #188-D: enumerated type mixed with another type
  			HAL_GPIO_WritePin(GPIOD,GPIO_PIN_5,0);
../Src/stm32f3xx_it.c(250): warning:  #188-D: enumerated type mixed with another type
  			HAL_GPIO_WritePin(GPIOD,GPIO_PIN_6,1);
../Src/stm32f3xx_it.c(251): warning:  #188-D: enumerated type mixed with another type
  			HAL_GPIO_WritePin(GPIOD,GPIO_PIN_7,0);	
../Src/stm32f3xx_it.c(254): warning:  #188-D: enumerated type mixed with another type
  			HAL_GPIO_WritePin(GPIOD,GPIO_PIN_4,0);
../Src/stm32f3xx_it.c(255): warning:  #188-D: enumerated type mixed with another type
  			HAL_GPIO_WritePin(GPIOD,GPIO_PIN_5,0);
../Src/stm32f3xx_it.c(256): warning:  #188-D: enumerated type mixed with another type
  			HAL_GPIO_WritePin(GPIOD,GPIO_PIN_6,0);
../Src/stm32f3xx_it.c(257): warning:  #188-D: enumerated type mixed with another type
  			HAL_GPIO_WritePin(GPIOD,GPIO_PIN_7,1);
../Src/stm32f3xx_it.c(291): warning:  #188-D: enumerated type mixed with another type
  		HAL_GPIO_WritePin(GPIOD,GPIO_PIN_4,1);
../Src/stm32f3xx_it.c(292): warning:  #188-D: enumerated type mixed with another type
  		HAL_GPIO_WritePin(GPIOD,GPIO_PIN_5,1);
../Src/stm32f3xx_it.c(293): warning:  #188-D: enumerated type mixed with another type
  		HAL_GPIO_WritePin(GPIOD,GPIO_PIN_6,1);
../Src/stm32f3xx_it.c(294): warning:  #188-D: enumerated type mixed with another type
  		HAL_GPIO_WritePin(GPIOD,GPIO_PIN_7,1);
../Src/stm32f3xx_it.c(313): warning:  #188-D: enumerated type mixed with another type
  			HAL_GPIO_WritePin(GPIOD,GPIO_PIN_4,1);
../Src/stm32f3xx_it.c(314): warning:  #188-D: enumerated type mixed with another type
  			HAL_GPIO_WritePin(GPIOD,GPIO_PIN_5,0);
../Src/stm32f3xx_it.c(315): warning:  #188-D: enumerated type mixed with another type
  			HAL_GPIO_WritePin(GPIOD,GPIO_PIN_6,0);
../Src/stm32f3xx_it.c(316): warning:  #188-D: enumerated type mixed with another type
  			HAL_GPIO_WritePin(GPIOD,GPIO_PIN_7,0);		
../Src/stm32f3xx_it.c(319): warning:  #188-D: enumerated type mixed with another type
  			HAL_GPIO_WritePin(GPIOD,GPIO_PIN_4,0);
../Src/stm32f3xx_it.c(320): warning:  #188-D: enumerated type mixed with another type
  			HAL_GPIO_WritePin(GPIOD,GPIO_PIN_5,1);
../Src/stm32f3xx_it.c(321): warning:  #188-D: enumerated type mixed with another type
  			HAL_GPIO_WritePin(GPIOD,GPIO_PIN_6,0);
../Src/stm32f3xx_it.c(322): warning:  #188-D: enumerated type mixed with another type
  			HAL_GPIO_WritePin(GPIOD,GPIO_PIN_7,0);
../Src/stm32f3xx_it.c(325): warning:  #188-D: enumerated type mixed with another type
  			HAL_GPIO_WritePin(GPIOD,GPIO_PIN_4,0);
../Src/stm32f3xx_it.c(326): warning:  #188-D: enumerated type mixed with another type
  			HAL_GPIO_WritePin(GPIOD,GPIO_PIN_5,0);
../Src/stm32f3xx_it.c(327): warning:  #188-D: enumerated type mixed with another type
  			HAL_GPIO_WritePin(GPIOD,GPIO_PIN_6,1);
../Src/stm32f3xx_it.c(328): warning:  #188-D: enumerated type mixed with another type
  			HAL_GPIO_WritePin(GPIOD,GPIO_PIN_7,0);	
../Src/stm32f3xx_it.c(331): warning:  #188-D: enumerated type mixed with another type
  			HAL_GPIO_WritePin(GPIOD,GPIO_PIN_4,0);
../Src/stm32f3xx_it.c(332): warning:  #188-D: enumerated type mixed with another type
  			HAL_GPIO_WritePin(GPIOD,GPIO_PIN_5,0);
../Src/stm32f3xx_it.c(333): warning:  #188-D: enumerated type mixed with another type
  			HAL_GPIO_WritePin(GPIOD,GPIO_PIN_6,0);
../Src/stm32f3xx_it.c(334): warning:  #188-D: enumerated type mixed with another type
  			HAL_GPIO_WritePin(GPIOD,GPIO_PIN_7,1);
../Src/stm32f3xx_it.c(349): warning:  #188-D: enumerated type mixed with another type
  		HAL_GPIO_WritePin(GPIOD,GPIO_PIN_4,1);
../Src/stm32f3xx_it.c(350): warning:  #188-D: enumerated type mixed with another type
  		HAL_GPIO_WritePin(GPIOD,GPIO_PIN_5,1);
../Src/stm32f3xx_it.c(351): warning:  #188-D: enumerated type mixed with another type
  		HAL_GPIO_WritePin(GPIOD,GPIO_PIN_6,1);
../Src/stm32f3xx_it.c(352): warning:  #188-D: enumerated type mixed with another type
  		HAL_GPIO_WritePin(GPIOD,GPIO_PIN_7,1);
../Src/stm32f3xx_it.c: 44 warnings, 0 errors
compiling stm32f3xx_hal_adc.c...
compiling stm32f3xx_hal_msp.c...
compiling stm32f3xx_hal_adc_ex.c...
compiling stm32f3xx_hal_i2c_ex.c...
compiling stm32f3xx_hal_i2c.c...
compiling stm32f3xx_hal_rtc.c...
compiling stm32f3xx_hal_rtc_ex.c...
compiling stm32f3xx_hal_spi.c...
compiling stm32f3xx_hal_spi_ex.c...
compiling stm32f3xx_hal_tim.c...
compiling stm32f3xx_hal_tim_ex.c...
compiling stm32f3xx_hal_uart.c...
compiling stm32f3xx_hal_uart_ex.c...
compiling stm32f3xx_hal_pcd.c...
compiling stm32f3xx_hal_pcd_ex.c...
compiling stm32f3xx_hal.c...
compiling stm32f3xx_hal_rcc.c...
compiling stm32f3xx_hal_rcc_ex.c...
compiling stm32f3xx_hal_gpio.c...
compiling stm32f3xx_hal_dma.c...
compiling stm32f3xx_hal_cortex.c...
compiling stm32f3xx_hal_pwr.c...
compiling stm32f3xx_hal_pwr_ex.c...
compiling stm32f3xx_hal_flash.c...
compiling stm32f3xx_hal_flash_ex.c...
compiling system_stm32f3xx.c...
linking...
Program Size: Code=17808 RO-data=480 RW-data=96 ZI-data=2848  
FromELF: creating hex file...
"Project2\Project2.axf" - 0 Error(s), 56 Warning(s).

<h2>Software Packages used:</h2>

Package Vendor: ARM
                http://www.keil.com/pack/ARM.CMSIS.5.3.0.pack
                ARM.CMSIS.5.3.0
                CMSIS (Cortex Microcontroller Software Interface Standard)
   * Component: CORE Version: 5.1.1

Package Vendor: Keil
                http://www.keil.com/pack/Keil.STM32F3xx_DFP.2.1.0.pack
                Keil.STM32F3xx_DFP.2.1.0
                STMicroelectronics STM32F3 Series Device Support and Examples

<h2>Collection of Component include folders:</h2>
  .\RTE\_Project2
  C:\Keil_v5\ARM\PACK\ARM\CMSIS\5.3.0\CMSIS\Include
  C:\Keil_v5\ARM\PACK\Keil\STM32F3xx_DFP\2.1.0\Drivers\CMSIS\Device\ST\STM32F3xx\Include

<h2>Collection of Component Files used:</h2>

   * Component: ARM::CMSIS:CORE:5.1.1
Build Time Elapsed:  00:02:27
</pre>
</body>
</html>
